Archive member included to satisfy reference by file (symbol)

C:/ST/STM32CubeIDE_1.16.1/STM32CubeIDE/plugins/com.st.stm32cube.ide.mcu.externaltools.gnu-tools-for-stm32.12.3.rel1.win32_1.0.200.202406191623/tools/bin/../lib/gcc/arm-none-eabi/12.3.1/../../../../arm-none-eabi/lib/thumb/v7e-m+fp/hard\libc_nano.a(libc_a-calloc.o)
                              ./Core/ADBMS6830/lib/src/adBms6830GenericType.o (calloc)
C:/ST/STM32CubeIDE_1.16.1/STM32CubeIDE/plugins/com.st.stm32cube.ide.mcu.externaltools.gnu-tools-for-stm32.12.3.rel1.win32_1.0.200.202406191623/tools/bin/../lib/gcc/arm-none-eabi/12.3.1/../../../../arm-none-eabi/lib/thumb/v7e-m+fp/hard\libc_nano.a(libc_a-callocr.o)
                              C:/ST/STM32CubeIDE_1.16.1/STM32CubeIDE/plugins/com.st.stm32cube.ide.mcu.externaltools.gnu-tools-for-stm32.12.3.rel1.win32_1.0.200.202406191623/tools/bin/../lib/gcc/arm-none-eabi/12.3.1/../../../../arm-none-eabi/lib/thumb/v7e-m+fp/hard\libc_nano.a(libc_a-calloc.o) (_calloc_r)
C:/ST/STM32CubeIDE_1.16.1/STM32CubeIDE/plugins/com.st.stm32cube.ide.mcu.externaltools.gnu-tools-for-stm32.12.3.rel1.win32_1.0.200.202406191623/tools/bin/../lib/gcc/arm-none-eabi/12.3.1/../../../../arm-none-eabi/lib/thumb/v7e-m+fp/hard\libc_nano.a(libc_a-exit.o)
                              C:/ST/STM32CubeIDE_1.16.1/STM32CubeIDE/plugins/com.st.stm32cube.ide.mcu.externaltools.gnu-tools-for-stm32.12.3.rel1.win32_1.0.200.202406191623/tools/bin/../lib/gcc/arm-none-eabi/12.3.1/../../../../arm-none-eabi/lib/thumb/v7e-m+fp/hard/crt0.o (exit)
C:/ST/STM32CubeIDE_1.16.1/STM32CubeIDE/plugins/com.st.stm32cube.ide.mcu.externaltools.gnu-tools-for-stm32.12.3.rel1.win32_1.0.200.202406191623/tools/bin/../lib/gcc/arm-none-eabi/12.3.1/../../../../arm-none-eabi/lib/thumb/v7e-m+fp/hard\libc_nano.a(libc_a-malloc.o)
                              ./Core/ADBMS6830/lib/src/adBms6830GenericType.o (free)
C:/ST/STM32CubeIDE_1.16.1/STM32CubeIDE/plugins/com.st.stm32cube.ide.mcu.externaltools.gnu-tools-for-stm32.12.3.rel1.win32_1.0.200.202406191623/tools/bin/../lib/gcc/arm-none-eabi/12.3.1/../../../../arm-none-eabi/lib/thumb/v7e-m+fp/hard\libc_nano.a(libc_a-mallocr.o)
                              C:/ST/STM32CubeIDE_1.16.1/STM32CubeIDE/plugins/com.st.stm32cube.ide.mcu.externaltools.gnu-tools-for-stm32.12.3.rel1.win32_1.0.200.202406191623/tools/bin/../lib/gcc/arm-none-eabi/12.3.1/../../../../arm-none-eabi/lib/thumb/v7e-m+fp/hard\libc_nano.a(libc_a-callocr.o) (_malloc_r)
C:/ST/STM32CubeIDE_1.16.1/STM32CubeIDE/plugins/com.st.stm32cube.ide.mcu.externaltools.gnu-tools-for-stm32.12.3.rel1.win32_1.0.200.202406191623/tools/bin/../lib/gcc/arm-none-eabi/12.3.1/../../../../arm-none-eabi/lib/thumb/v7e-m+fp/hard\libc_nano.a(libc_a-mlock.o)
                              C:/ST/STM32CubeIDE_1.16.1/STM32CubeIDE/plugins/com.st.stm32cube.ide.mcu.externaltools.gnu-tools-for-stm32.12.3.rel1.win32_1.0.200.202406191623/tools/bin/../lib/gcc/arm-none-eabi/12.3.1/../../../../arm-none-eabi/lib/thumb/v7e-m+fp/hard\libc_nano.a(libc_a-mallocr.o) (__malloc_lock)
C:/ST/STM32CubeIDE_1.16.1/STM32CubeIDE/plugins/com.st.stm32cube.ide.mcu.externaltools.gnu-tools-for-stm32.12.3.rel1.win32_1.0.200.202406191623/tools/bin/../lib/gcc/arm-none-eabi/12.3.1/../../../../arm-none-eabi/lib/thumb/v7e-m+fp/hard\libc_nano.a(libc_a-findfp.o)
                              C:/ST/STM32CubeIDE_1.16.1/STM32CubeIDE/plugins/com.st.stm32cube.ide.mcu.externaltools.gnu-tools-for-stm32.12.3.rel1.win32_1.0.200.202406191623/tools/bin/../lib/gcc/arm-none-eabi/12.3.1/../../../../arm-none-eabi/lib/thumb/v7e-m+fp/hard\libc_nano.a(libc_a-exit.o) (__stdio_exit_handler)
C:/ST/STM32CubeIDE_1.16.1/STM32CubeIDE/plugins/com.st.stm32cube.ide.mcu.externaltools.gnu-tools-for-stm32.12.3.rel1.win32_1.0.200.202406191623/tools/bin/../lib/gcc/arm-none-eabi/12.3.1/../../../../arm-none-eabi/lib/thumb/v7e-m+fp/hard\libc_nano.a(libc_a-fwalk.o)
                              C:/ST/STM32CubeIDE_1.16.1/STM32CubeIDE/plugins/com.st.stm32cube.ide.mcu.externaltools.gnu-tools-for-stm32.12.3.rel1.win32_1.0.200.202406191623/tools/bin/../lib/gcc/arm-none-eabi/12.3.1/../../../../arm-none-eabi/lib/thumb/v7e-m+fp/hard\libc_nano.a(libc_a-findfp.o) (_fwalk_sglue)
C:/ST/STM32CubeIDE_1.16.1/STM32CubeIDE/plugins/com.st.stm32cube.ide.mcu.externaltools.gnu-tools-for-stm32.12.3.rel1.win32_1.0.200.202406191623/tools/bin/../lib/gcc/arm-none-eabi/12.3.1/../../../../arm-none-eabi/lib/thumb/v7e-m+fp/hard\libc_nano.a(libc_a-printf.o)
                              ./Core/ADBMS6830/program/src/adBms_Application.o (printf)
C:/ST/STM32CubeIDE_1.16.1/STM32CubeIDE/plugins/com.st.stm32cube.ide.mcu.externaltools.gnu-tools-for-stm32.12.3.rel1.win32_1.0.200.202406191623/tools/bin/../lib/gcc/arm-none-eabi/12.3.1/../../../../arm-none-eabi/lib/thumb/v7e-m+fp/hard\libc_nano.a(libc_a-putchar.o)
                              ./Core/ADBMS6830/program/src/serialPrintResult.o (putchar)
[...]
Memory Configuration

Name             Origin             Length             Attributes
RAM              0x20000000         0x00020000         xrw
FLASH            0x08000000         0x00080000         xr
*default*        0x00000000         0xffffffff

Linker script and memory map

LOAD C:/ST/STM32CubeIDE_1.16.1/STM32CubeIDE/plugins/com.st.stm32cube.ide.mcu.externaltools.gnu-tools-for-stm32.12.3.rel1.win32_1.0.200.202406191623/tools/bin/../lib/gcc/arm-none-eabi/12.3.1/thumb/v7e-m+fp/hard/crti.o
LOAD C:/ST/STM32CubeIDE_1.16.1/STM32CubeIDE/plugins/com.st.stm32cube.ide.mcu.externaltools.gnu-tools-for-stm32.12.3.rel1.win32_1.0.200.202406191623/tools/bin/../lib/gcc/arm-none-eabi/12.3.1/thumb/v7e-m+fp/hard/crtbegin.o
LOAD C:/ST/STM32CubeIDE_1.16.1/STM32CubeIDE/plugins/com.st.stm32cube.ide.mcu.externaltools.gnu-tools-for-stm32.12.3.rel1.win32_1.0.200.202406191623/tools/bin/../lib/gcc/arm-none-eabi/12.3.1/../../../../arm-none-eabi/lib/thumb/v7e-m+fp/hard/crt0.o
LOAD ./Core/ADBMS6830/lib/src/adBms6830GenericType.o
LOAD ./Core/ADBMS6830/lib/src/adBms6830ParseCreate.o
LOAD ./Core/ADBMS6830/program/src/adBms_Application.o
LOAD ./Core/ADBMS6830/program/src/mcuWrapper.o
LOAD ./Core/ADBMS6830/program/src/serialPrintResult.o
LOAD ./Core/Src/main.o
LOAD ./Core/Src/stm32g4xx_hal_msp.o
LOAD ./Core/Src/stm32g4xx_it.o
LOAD ./Core/Src/syscalls.o
LOAD ./Core/Src/sysmem.o
LOAD ./Core/Src/system_stm32g4xx.o
LOAD ./Core/Startup/startup_stm32g474retx.o
LOAD ./Drivers/BSP/STM32G4xx_Nucleo/stm32g4xx_nucleo.o
LOAD ./Drivers/STM32G4xx_HAL_Driver/Src/stm32g4xx_hal.o
LOAD ./Drivers/STM32G4xx_HAL_Driver/Src/stm32g4xx_hal_adc.o
LOAD ./Drivers/STM32G4xx_HAL_Driver/Src/stm32g4xx_hal_adc_ex.o
LOAD ./Drivers/STM32G4xx_HAL_Driver/Src/stm32g4xx_hal_cortex.o
LOAD ./Drivers/STM32G4xx_HAL_Driver/Src/stm32g4xx_hal_dma.o
LOAD ./Drivers/STM32G4xx_HAL_Driver/Src/stm32g4xx_hal_dma_ex.o
LOAD ./Drivers/STM32G4xx_HAL_Driver/Src/stm32g4xx_hal_exti.o
LOAD ./Drivers/STM32G4xx_HAL_Driver/Src/stm32g4xx_hal_flash.o
LOAD ./Drivers/STM32G4xx_HAL_Driver/Src/stm32g4xx_hal_flash_ex.o
LOAD ./Drivers/STM32G4xx_HAL_Driver/Src/stm32g4xx_hal_flash_ramfunc.o
LOAD ./Drivers/STM32G4xx_HAL_Driver/Src/stm32g4xx_hal_gpio.o
LOAD ./Drivers/STM32G4xx_HAL_Driver/Src/stm32g4xx_hal_i2c.o
LOAD ./Drivers/STM32G4xx_HAL_Driver/Src/stm32g4xx_hal_i2c_ex.o
LOAD ./Drivers/STM32G4xx_HAL_Driver/Src/stm32g4xx_hal_pwr.o
LOAD ./Drivers/STM32G4xx_HAL_Driver/Src/stm32g4xx_hal_pwr_ex.o
LOAD ./Drivers/STM32G4xx_HAL_Driver/Src/stm32g4xx_hal_rcc.o
LOAD ./Drivers/STM32G4xx_HAL_Driver/Src/stm32g4xx_hal_rcc_ex.o
LOAD ./Drivers/STM32G4xx_HAL_Driver/Src/stm32g4xx_hal_spi.o
LOAD ./Drivers/STM32G4xx_HAL_Driver/Src/stm32g4xx_hal_spi_ex.o
LOAD ./Drivers/STM32G4xx_HAL_Driver/Src/stm32g4xx_hal_tim.o
LOAD ./Drivers/STM32G4xx_HAL_Driver/Src/stm32g4xx_hal_tim_ex.o
LOAD ./Drivers/STM32G4xx_HAL_Driver/Src/stm32g4xx_hal_uart.o
LOAD ./Drivers/STM32G4xx_HAL_Driver/Src/stm32g4xx_hal_uart_ex.o
LOAD ./Drivers/STM32G4xx_HAL_Driver/Src/stm32g4xx_hal_usart.o
LOAD ./Drivers/STM32G4xx_HAL_Driver/Src/stm32g4xx_hal_usart_ex.o
LOAD ./Drivers/STM32G4xx_HAL_Driver/Src/stm32g4xx_ll_adc.o
START GROUP
LOAD C:/ST/STM32CubeIDE_1.16.1/STM32CubeIDE/plugins/com.st.stm32cube.ide.mcu.externaltools.gnu-tools-for-stm32.12.3.rel1.win32_1.0.200.202406191623/tools/bin/../lib/gcc/arm-none-eabi/12.3.1/../../../../arm-none-eabi/lib/thumb/v7e-m+fp/hard\libc_nano.a
LOAD C:/ST/STM32CubeIDE_1.16.1/STM32CubeIDE/plugins/com.st.stm32cube.ide.mcu.externaltools.gnu-tools-for-stm32.12.3.rel1.win32_1.0.200.202406191623/tools/bin/../lib/gcc/arm-none-eabi/12.3.1/../../../../arm-none-eabi/lib/thumb/v7e-m+fp/hard\libm.a
END GROUP
START GROUP
LOAD C:/ST/STM32CubeIDE_1.16.1/STM32CubeIDE/plugins/com.st.stm32cube.ide.mcu.externaltools.gnu-tools-for-stm32.12.3.rel1.win32_1.0.200.202406191623/tools/bin/../lib/gcc/arm-none-eabi/12.3.1/thumb/v7e-m+fp/hard\libgcc.a
LOAD C:/ST/STM32CubeIDE_1.16.1/STM32CubeIDE/plugins/com.st.stm32cube.ide.mcu.externaltools.gnu-tools-for-stm32.12.3.rel1.win32_1.0.200.202406191623/tools/bin/../lib/gcc/arm-none-eabi/12.3.1/../../../../arm-none-eabi/lib/thumb/v7e-m+fp/hard\libc_nano.a
END GROUP
START GROUP
LOAD C:/ST/STM32CubeIDE_1.16.1/STM32CubeIDE/plugins/com.st.stm32cube.ide.mcu.externaltools.gnu-tools-for-stm32.12.3.rel1.win32_1.0.200.202406191623/tools/bin/../lib/gcc/arm-none-eabi/12.3.1/thumb/v7e-m+fp/hard\libgcc.a
LOAD C:/ST/STM32CubeIDE_1.16.1/STM32CubeIDE/plugins/com.st.stm32cube.ide.mcu.externaltools.gnu-tools-for-stm32.12.3.rel1.win32_1.0.200.202406191623/tools/bin/../lib/gcc/arm-none-eabi/12.3.1/../../../../arm-none-eabi/lib/thumb/v7e-m+fp/hard\libc_nano.a
LOAD C:/ST/STM32CubeIDE_1.16.1/STM32CubeIDE/plugins/com.st.stm32cube.ide.mcu.externaltools.gnu-tools-for-stm32.12.3.rel1.win32_1.0.200.202406191623/tools/bin/../lib/gcc/arm-none-eabi/12.3.1/../../../../arm-none-eabi/lib/thumb/v7e-m+fp/hard\libnosys.a
END GROUP
START GROUP
LOAD C:/ST/STM32CubeIDE_1.16.1/STM32CubeIDE/plugins/com.st.stm32cube.ide.mcu.externaltools.gnu-tools-for-stm32.12.3.rel1.win32_1.0.200.202406191623/tools/bin/../lib/gcc/arm-none-eabi/12.3.1/thumb/v7e-m+fp/hard\libgcc.a
LOAD C:/ST/STM32CubeIDE_1.16.1/STM32CubeIDE/plugins/com.st.stm32cube.ide.mcu.externaltools.gnu-tools-for-stm32.12.3.rel1.win32_1.0.200.202406191623/tools/bin/../lib/gcc/arm-none-eabi/12.3.1/../../../../arm-none-eabi/lib/thumb/v7e-m+fp/hard\libc_nano.a
LOAD C:/ST/STM32CubeIDE_1.16.1/STM32CubeIDE/plugins/com.st.stm32cube.ide.mcu.externaltools.gnu-tools-for-stm32.12.3.rel1.win32_1.0.200.202406191623/tools/bin/../lib/gcc/arm-none-eabi/12.3.1/../../../../arm-none-eabi/lib/thumb/v7e-m+fp/hard\libnosys.a
END GROUP
LOAD C:/ST/STM32CubeIDE_1.16.1/STM32CubeIDE/plugins/com.st.stm32cube.ide.mcu.externaltools.gnu-tools-for-stm32.12.3.rel1.win32_1.0.200.202406191623/tools/bin/../lib/gcc/arm-none-eabi/12.3.1/thumb/v7e-m+fp/hard/crtend.o
LOAD C:/ST/STM32CubeIDE_1.16.1/STM32CubeIDE/plugins/com.st.stm32cube.ide.mcu.externaltools.gnu-tools-for-stm32.12.3.rel1.win32_1.0.200.202406191623/tools/bin/../lib/gcc/arm-none-eabi/12.3.1/thumb/v7e-m+fp/hard/crtn.o
                0x20020000                        _estack = (ORIGIN (RAM) + LENGTH (RAM))
                0x00000200                        _Min_Heap_Size = 0x200
                0x00000400                        _Min_Stack_Size = 0x400

.isr_vector     0x08000000      0x1d8
                0x08000000                        . = ALIGN (0x4)
 *(.isr_vector)
 .isr_vector    0x08000000      0x1d8 ./Core/Startup/startup_stm32g474retx.o
                0x08000000                g_pfnVectors
                0x080001d8                        . = ALIGN (0x4)

.text           0x080001e0    0x11094
                0x080001e0                        . = ALIGN (0x4)
 *(.text)
 .text          0x080001e0       0x40 C:/ST/STM32CubeIDE_1.16.1/STM32CubeIDE/plugins/com.st.stm32cube.ide.mcu.externaltools.gnu-tools-for-stm32.12.3.rel1.win32_1.0.200.202406191623/tools/bin/../lib/gcc/arm-none-eabi/12.3.1/thumb/v7e-m+fp/hard/crtbegin.o
 .text          0x08000220       0xa0 C:/ST/STM32CubeIDE_1.16.1/STM32CubeIDE/plugins/com.st.stm32cube.ide.mcu.externaltools.gnu-tools-for-stm32.12.3.rel1.win32_1.0.200.202406191623/tools/bin/../lib/gcc/arm-none-eabi/12.3.1/../../../../arm-none-eabi/lib/thumb/v7e-m+fp/hard\libc_nano.a(libc_a-memchr.o)
                0x08000220                memchr
 .text          0x080002c0      0x378 C:/ST/STM32CubeIDE_1.16.1/STM32CubeIDE/plugins/com.st.stm32cube.ide.mcu.externaltools.gnu-tools-for-stm32.12.3.rel1.win32_1.0.200.202406191623/tools/bin/../lib/gcc/arm-none-eabi/12.3.1/thumb/v7e-m+fp/hard\libgcc.a(_arm_addsubdf3.o)
                0x080002c0                __aeabi_drsub
                0x080002c8                __aeabi_dsub
                0x080002c8                __subdf3
                0x080002cc                __aeabi_dadd
                0x080002cc                __adddf3
                0x08000544                __floatunsidf
                0x08000544                __aeabi_ui2d
                0x08000564                __floatsidf
                0x08000564                __aeabi_i2d
                0x08000588                __aeabi_f2d
                0x08000588                __extendsfdf2
                0x080005cc                __floatundidf
                0x080005cc                __aeabi_ul2d
                0x080005dc                __floatdidf
                0x080005dc                __aeabi_l2d
 .text          0x08000638      0x424 C:/ST/STM32CubeIDE_1.16.1/STM32CubeIDE/plugins/com.st.stm32cube.ide.mcu.externaltools.gnu-tools-for-stm32.12.3.rel1.win32_1.0.200.202406191623/tools/bin/../lib/gcc/arm-none-eabi/12.3.1/thumb/v7e-m+fp/hard\libgcc.a(_arm_muldivdf3.o)
                0x08000638                __aeabi_dmul
                0x08000638                __muldf3
                0x0800088c                __divdf3
                0x0800088c                __aeabi_ddiv
 .text          0x08000a5c       0xa0 C:/ST/STM32CubeIDE_1.16.1/STM32CubeIDE/plugins/com.st.stm32cube.ide.mcu.externaltools.gnu-tools-for-stm32.12.3.rel1.win32_1.0.200.202406191623/tools/bin/../lib/gcc/arm-none-eabi/12.3.1/thumb/v7e-m+fp/hard\libgcc.a(_arm_truncdfsf2.o)
                0x08000a5c                __truncdfsf2
                0x08000a5c                __aeabi_d2f
 .text          0x08000afc       0x30 C:/ST/STM32CubeIDE_1.16.1/STM32CubeIDE/plugins/com.st.stm32cube.ide.mcu.externaltools.gnu-tools-for-stm32.12.3.rel1.win32_1.0.200.202406191623/tools/bin/../lib/gcc/arm-none-eabi/12.3.1/thumb/v7e-m+fp/hard\libgcc.a(_aeabi_uldivmod.o)
                0x08000afc                __aeabi_uldivmod
 .text          0x08000b2c      0x2bc C:/ST/STM32CubeIDE_1.16.1/STM32CubeIDE/plugins/com.st.stm32cube.ide.mcu.externaltools.gnu-tools-for-stm32.12.3.rel1.win32_1.0.200.202406191623/tools/bin/../lib/gcc/arm-none-eabi/12.3.1/thumb/v7e-m+fp/hard\libgcc.a(_udivmoddi4.o)
                0x08000b2c                __udivmoddi4
 .text          0x08000de8        0x4 C:/ST/STM32CubeIDE_1.16.1/STM32CubeIDE/plugins/com.st.stm32cube.ide.mcu.externaltools.gnu-tools-for-stm32.12.3.rel1.win32_1.0.200.202406191623/tools/bin/../lib/gcc/arm-none-eabi/12.3.1/thumb/v7e-m+fp/hard\libgcc.a(_dvmd_tls.o)
                0x08000de8                __aeabi_idiv0
                0x08000de8                __aeabi_ldiv0
 *(.text*)
 .text.Pec15_Calc
                0x08000dec       0x68 ./Core/ADBMS6830/lib/src/adBms6830GenericType.o
                0x08000dec                Pec15_Calc
 .text.pec10_calc
                0x08000e54       0xd8 ./Core/ADBMS6830/lib/src/adBms6830GenericType.o
                0x08000e54                pec10_calc
 .text.spiSendCmd
                0x08000f2c       0x50 ./Core/ADBMS6830/lib/src/adBms6830GenericType.o
                0x08000f2c                spiSendCmd
 .text.spiReadData
                0x08000f7c      0x20c ./Core/ADBMS6830/lib/src/adBms6830GenericType.o
                0x08000f7c                spiReadData
 .text.adBmsReadData
                0x08001188      0xa70 ./Core/ADBMS6830/lib/src/adBms6830GenericType.o
                0x08001188                adBmsReadData
 .text.spiWriteData
                0x08001bf8      0x188 ./Core/ADBMS6830/lib/src/adBms6830GenericType.o
                0x08001bf8                spiWriteData
 .text.adBmsWriteData
                0x08001d80      0x350 ./Core/ADBMS6830/lib/src/adBms6830GenericType.o
                0x08001d80                adBmsWriteData
 .text.adBmsPollAdc
                0x080020d0       0x80 ./Core/ADBMS6830/lib/src/adBms6830GenericType.o
                0x080020d0                adBmsPollAdc
 .text.adBms6830_Adcv
                0x08002150       0x66 ./Core/ADBMS6830/lib/src/adBms6830GenericType.o
                0x08002150                adBms6830_Adcv
 .text.adBms6830_Adsv
                0x080021b6       0x4a ./Core/ADBMS6830/lib/src/adBms6830GenericType.o
                0x080021b6                adBms6830_Adsv
 .text.adBms6830_Adax
                0x08002200       0x58 ./Core/ADBMS6830/lib/src/adBms6830GenericType.o
                0x08002200                adBms6830_Adax
 .text.adBms6830_Adax2
                0x08002258       0x2a ./Core/ADBMS6830/lib/src/adBms6830GenericType.o
                0x08002258                adBms6830_Adax2
 *fill*         0x08002282        0x6 
 .text.SetOverVoltageThreshold
                0x08002288       0x80 ./Core/ADBMS6830/lib/src/adBms6830ParseCreate.o
                0x08002288                SetOverVoltageThreshold
 .text.SetUnderVoltageThreshold
                0x08002308       0x80 ./Core/ADBMS6830/lib/src/adBms6830ParseCreate.o
                0x08002308                SetUnderVoltageThreshold
 .text.adBms6830ParseConfiga
                0x08002388      0x292 ./Core/ADBMS6830/lib/src/adBms6830ParseCreate.o
                0x08002388                adBms6830ParseConfiga
 .text.adBms6830ParseConfigb
                0x0800261a      0x1ba ./Core/ADBMS6830/lib/src/adBms6830ParseCreate.o
                0x0800261a                adBms6830ParseConfigb
 .text.adBms6830ParseConfig
                0x080027d4       0x42 ./Core/ADBMS6830/lib/src/adBms6830ParseCreate.o
                0x080027d4                adBms6830ParseConfig
 *fill*         0x08002816        0x2 
 .text.adBms6830ParseCell
                0x08002818      0x5b8 ./Core/ADBMS6830/lib/src/adBms6830ParseCreate.o
                0x08002818                adBms6830ParseCell
 .text.adBms6830ParseAverageCell
                0x08002dd0      0x5f8 ./Core/ADBMS6830/lib/src/adBms6830ParseCreate.o
                0x08002dd0                adBms6830ParseAverageCell
 .text.adBms6830ParseSCell
                0x080033c8      0x5f8 ./Core/ADBMS6830/lib/src/adBms6830ParseCreate.o
                0x080033c8                adBms6830ParseSCell
 .text.adBms6830ParseFCell
                0x080039c0      0x5f8 ./Core/ADBMS6830/lib/src/adBms6830ParseCreate.o
                0x080039c0                adBms6830ParseFCell
 .text.adBms6830ParseAux
                0x08003fb8      0x4a0 ./Core/ADBMS6830/lib/src/adBms6830ParseCreate.o
                0x08003fb8                adBms6830ParseAux
 .text.adBms6830ParseRAux
                0x08004458      0x3f8 ./Core/ADBMS6830/lib/src/adBms6830ParseCreate.o
                0x08004458                adBms6830ParseRAux
 .text.adBms6830ParseStatusA
                0x08004850      0x120 ./Core/ADBMS6830/lib/src/adBms6830ParseCreate.o
                0x08004850                adBms6830ParseStatusA
 .text.adBms6830ParseStatusB
                0x08004970      0x11a ./Core/ADBMS6830/lib/src/adBms6830ParseCreate.o
                0x08004970                adBms6830ParseStatusB
 .text.adBms6830ParseStatusC
                0x08004a8a      0x3fc ./Core/ADBMS6830/lib/src/adBms6830ParseCreate.o
                0x08004a8a                adBms6830ParseStatusC
 .text.adBms6830ParseStatusD
                0x08004e86      0x684 ./Core/ADBMS6830/lib/src/adBms6830ParseCreate.o
                0x08004e86                adBms6830ParseStatusD
 .text.adBms6830ParseStatusE
                0x0800550a       0xe8 ./Core/ADBMS6830/lib/src/adBms6830ParseCreate.o
                0x0800550a                adBms6830ParseStatusE
 *fill*         0x080055f2        0x2 
 .text.adBms6830ParseStatus
                0x080055f4       0xf4 ./Core/ADBMS6830/lib/src/adBms6830ParseCreate.o
                0x080055f4                adBms6830ParseStatus
 .text.adBms6830ParseComm
                0x080056e8      0x1be ./Core/ADBMS6830/lib/src/adBms6830ParseCreate.o
                0x080056e8                adBms6830ParseComm
 .text.adBms6830ParseSID
                0x080058a6      0x134 ./Core/ADBMS6830/lib/src/adBms6830ParseCreate.o
                0x080058a6                adBms6830ParseSID
 .text.adBms6830ParsePwma
                0x080059da      0x248 ./Core/ADBMS6830/lib/src/adBms6830ParseCreate.o
                0x080059da                adBms6830ParsePwma
 .text.adBms6830ParsePwmb
                0x08005c22       0xfe ./Core/ADBMS6830/lib/src/adBms6830ParseCreate.o
                0x08005c22                adBms6830ParsePwmb
 .text.adBms6830ParsePwm
                0x08005d20       0x42 ./Core/ADBMS6830/lib/src/adBms6830ParseCreate.o
                0x08005d20                adBms6830ParsePwm
 .text.adBms6830CreateConfiga
                0x08005d62      0x212 ./Core/ADBMS6830/lib/src/adBms6830ParseCreate.o
                0x08005d62                adBms6830CreateConfiga
 .text.adBms6830CreateConfigb
                0x08005f74      0x17e ./Core/ADBMS6830/lib/src/adBms6830ParseCreate.o
                0x08005f74                adBms6830CreateConfigb
 .text.adBms6830CreateClrflagData
                0x080060f2      0x282 ./Core/ADBMS6830/lib/src/adBms6830ParseCreate.o
                0x080060f2                adBms6830CreateClrflagData
 .text.adBms6830CreateComm
                0x08006374      0x174 ./Core/ADBMS6830/lib/src/adBms6830ParseCreate.o
                0x08006374                adBms6830CreateComm
 .text.adBms6830CreatePwma
                0x080064e8      0x1e0 ./Core/ADBMS6830/lib/src/adBms6830ParseCreate.o
                0x080064e8                adBms6830CreatePwma
 .text.adBms6830CreatePwmb
                0x080066c8       0xbe ./Core/ADBMS6830/lib/src/adBms6830ParseCreate.o
                0x080066c8                adBms6830CreatePwmb
 *fill*         0x08006786        0x2 
 .text.adbms_main
                0x08006788       0x40 ./Core/ADBMS6830/program/src/adBms_Application.o
                0x08006788                adbms_main
 .text.run_command
                0x080067c8      0x210 ./Core/ADBMS6830/program/src/adBms_Application.o
                0x080067c8                run_command
 .text.adBms6830_init_config
                0x080069d8       0xc8 ./Core/ADBMS6830/program/src/adBms_Application.o
                0x080069d8                adBms6830_init_config
 .text.adBms6830_write_read_config
                0x08006aa0       0x84 ./Core/ADBMS6830/program/src/adBms_Application.o
                0x08006aa0                adBms6830_write_read_config
 .text.adBms6830_write_config
                0x08006b24       0x50 ./Core/ADBMS6830/program/src/adBms_Application.o
                0x08006b24                adBms6830_write_config
 .text.adBms6830_read_config
                0x08006b74       0x50 ./Core/ADBMS6830/program/src/adBms_Application.o
                0x08006b74                adBms6830_read_config
 .text.adBms6830_start_adc_cell_voltage_measurment
                0x08006bc4       0x74 ./Core/ADBMS6830/program/src/adBms_Application.o
                0x08006bc4                adBms6830_start_adc_cell_voltage_measurment
 .text.adBms6830_read_cell_voltages
                0x08006c38       0xa0 ./Core/ADBMS6830/program/src/adBms_Application.o
                0x08006c38                adBms6830_read_cell_voltages
 .text.adBms6830_start_adc_s_voltage_measurment
                0x08006cd8       0x60 ./Core/ADBMS6830/program/src/adBms_Application.o
                0x08006cd8                adBms6830_start_adc_s_voltage_measurment
 .text.adBms6830_read_s_voltages
                0x08006d38       0xa0 ./Core/ADBMS6830/program/src/adBms_Application.o
                0x08006d38                adBms6830_read_s_voltages
 .text.adBms6830_start_avgcell_voltage_measurment
                0x08006dd8       0x6c ./Core/ADBMS6830/program/src/adBms_Application.o
                0x08006dd8                adBms6830_start_avgcell_voltage_measurment
 .text.adBms6830_read_avgcell_voltages
                0x08006e44       0xa0 ./Core/ADBMS6830/program/src/adBms_Application.o
                0x08006e44                adBms6830_read_avgcell_voltages
 .text.adBms6830_start_fcell_voltage_measurment
                0x08006ee4       0x74 ./Core/ADBMS6830/program/src/adBms_Application.o
                0x08006ee4                adBms6830_start_fcell_voltage_measurment
 .text.adBms6830_read_fcell_voltages
                0x08006f58       0xa0 ./Core/ADBMS6830/program/src/adBms_Application.o
                0x08006f58                adBms6830_read_fcell_voltages
 .text.adBms6830_start_aux_voltage_measurment
                0x08006ff8       0xbc ./Core/ADBMS6830/program/src/adBms_Application.o
                0x08006ff8                adBms6830_start_aux_voltage_measurment
 .text.adBms6830_read_aux_voltages
                0x080070b4       0x78 ./Core/ADBMS6830/program/src/adBms_Application.o
                0x080070b4                adBms6830_read_aux_voltages
 .text.adBms6830_start_raux_voltage_measurment
                0x0800712c       0xac ./Core/ADBMS6830/program/src/adBms_Application.o
                0x0800712c                adBms6830_start_raux_voltage_measurment
 .text.adBms6830_read_raux_voltages
                0x080071d8       0x78 ./Core/ADBMS6830/program/src/adBms_Application.o
                0x080071d8                adBms6830_read_raux_voltages
 .text.adBms6830_read_status_registers
                0x08007250      0x134 ./Core/ADBMS6830/program/src/adBms_Application.o
                0x08007250                adBms6830_read_status_registers
 .text.measurement_loop
                0x08007384      0x3dc ./Core/ADBMS6830/program/src/adBms_Application.o
                0x08007384                measurement_loop
 .text.adBms6830_clear_cell_measurement
                0x08007760       0x30 ./Core/ADBMS6830/program/src/adBms_Application.o
                0x08007760                adBms6830_clear_cell_measurement
 .text.adBms6830_clear_aux_measurement
                0x08007790       0x30 ./Core/ADBMS6830/program/src/adBms_Application.o
                0x08007790                adBms6830_clear_aux_measurement
 .text.adBms6830_clear_spin_measurement
                0x080077c0       0x30 ./Core/ADBMS6830/program/src/adBms_Application.o
                0x080077c0                adBms6830_clear_spin_measurement
 .text.adBms6830_clear_fcell_measurement
                0x080077f0       0x30 ./Core/ADBMS6830/program/src/adBms_Application.o
                0x080077f0                adBms6830_clear_fcell_measurement
 .text.Delay_ms
                0x08007820       0x16 ./Core/ADBMS6830/program/src/mcuWrapper.o
                0x08007820                Delay_ms
 *fill*         0x08007836        0x2 
 .text.adBmsCsLow
                0x08007838       0x18 ./Core/ADBMS6830/program/src/mcuWrapper.o
                0x08007838                adBmsCsLow
 .text.adBmsCsHigh
                0x08007850       0x18 ./Core/ADBMS6830/program/src/mcuWrapper.o
                0x08007850                adBmsCsHigh
 .text.spiWriteBytes
                0x08007868       0x28 ./Core/ADBMS6830/program/src/mcuWrapper.o
                0x08007868                spiWriteBytes
 .text.spiWriteReadBytes
                0x08007890       0x3c ./Core/ADBMS6830/program/src/mcuWrapper.o
                0x08007890                spiWriteReadBytes
 .text.spiReadBytes
                0x080078cc       0x28 ./Core/ADBMS6830/program/src/mcuWrapper.o
                0x080078cc                spiReadBytes
 .text.startTimer
                0x080078f4       0x18 ./Core/ADBMS6830/program/src/mcuWrapper.o
                0x080078f4                startTimer
 .text.stopTimer
                0x0800790c       0x18 ./Core/ADBMS6830/program/src/mcuWrapper.o
                0x0800790c                stopTimer
 .text.getTimCount
                0x08007924       0x30 ./Core/ADBMS6830/program/src/mcuWrapper.o
                0x08007924                getTimCount
 .text.adBmsWakeupIc
                0x08007954       0x3c ./Core/ADBMS6830/program/src/mcuWrapper.o
                0x08007954                adBmsWakeupIc
 .text.printWriteConfig
                0x08007990      0x30c ./Core/ADBMS6830/program/src/serialPrintResult.o
                0x08007990                printWriteConfig
 .text.printReadConfig
                0x08007c9c      0x794 ./Core/ADBMS6830/program/src/serialPrintResult.o
                0x08007c9c                printReadConfig
 .text.printVoltages
                0x08008430      0x414 ./Core/ADBMS6830/program/src/serialPrintResult.o
                0x08008430                printVoltages
 *fill*         0x08008844        0x4 
 .text.printStatus
                0x08008848     0x1278 ./Core/ADBMS6830/program/src/serialPrintResult.o
                0x08008848                printStatus
 .text.printPollAdcConvTime
                0x08009ac0       0x48 ./Core/ADBMS6830/program/src/serialPrintResult.o
                0x08009ac0                printPollAdcConvTime
 .text.printMenu
                0x08009b08      0x108 ./Core/ADBMS6830/program/src/serialPrintResult.o
                0x08009b08                printMenu
 .text.getVoltage
                0x08009c10       0x48 ./Core/ADBMS6830/program/src/serialPrintResult.o
                0x08009c10                getVoltage
 .text.main     0x08009c58       0x70 ./Core/Src/main.o
                0x08009c58                main
 .text.SystemClock_Config
                0x08009cc8       0x96 ./Core/Src/main.o
                0x08009cc8                SystemClock_Config
 *fill*         0x08009d5e        0x2 
 .text.MX_ADC1_Init
                0x08009d60       0xf0 ./Core/Src/main.o
 .text.MX_I2C1_Init
                0x08009e50       0x80 ./Core/Src/main.o
 .text.MX_SPI1_Init
                0x08009ed0       0x7c ./Core/Src/main.o
 .text.MX_TIM2_Init
                0x08009f4c       0xa0 ./Core/Src/main.o
 .text.MX_GPIO_Init
                0x08009fec       0xac ./Core/Src/main.o
 .text.Error_Handler
                0x0800a098        0xe ./Core/Src/main.o
                0x0800a098                Error_Handler
 *fill*         0x0800a0a6        0x2 
 .text.HAL_MspInit
                0x0800a0a8       0x48 ./Core/Src/stm32g4xx_hal_msp.o
                0x0800a0a8                HAL_MspInit
 .text.HAL_ADC_MspInit
                0x0800a0f0       0xa8 ./Core/Src/stm32g4xx_hal_msp.o
                0x0800a0f0                HAL_ADC_MspInit
 .text.HAL_I2C_MspInit
                0x0800a198       0xec ./Core/Src/stm32g4xx_hal_msp.o
                0x0800a198                HAL_I2C_MspInit
 .text.HAL_SPI_MspInit
                0x0800a284       0x84 ./Core/Src/stm32g4xx_hal_msp.o
                0x0800a284                HAL_SPI_MspInit
 .text.HAL_TIM_Base_MspInit
                0x0800a308       0x3c ./Core/Src/stm32g4xx_hal_msp.o
                0x0800a308                HAL_TIM_Base_MspInit
 .text.NMI_Handler
                0x0800a344        0x8 ./Core/Src/stm32g4xx_it.o
                0x0800a344                NMI_Handler
 .text.HardFault_Handler
                0x0800a34c        0x8 ./Core/Src/stm32g4xx_it.o
                0x0800a34c                HardFault_Handler
 .text.MemManage_Handler
                0x0800a354        0x8 ./Core/Src/stm32g4xx_it.o
                0x0800a354                MemManage_Handler
 .text.BusFault_Handler
                0x0800a35c        0x8 ./Core/Src/stm32g4xx_it.o
                0x0800a35c                BusFault_Handler
 .text.UsageFault_Handler
                0x0800a364        0x8 ./Core/Src/stm32g4xx_it.o
                0x0800a364                UsageFault_Handler
 .text.SVC_Handler
                0x0800a36c        0xe ./Core/Src/stm32g4xx_it.o
                0x0800a36c                SVC_Handler
 .text.DebugMon_Handler
                0x0800a37a        0xe ./Core/Src/stm32g4xx_it.o
                0x0800a37a                DebugMon_Handler
 .text.PendSV_Handler
                0x0800a388        0xe ./Core/Src/stm32g4xx_it.o
                0x0800a388                PendSV_Handler
 .text.SysTick_Handler
                0x0800a396        0xc ./Core/Src/stm32g4xx_it.o
                0x0800a396                SysTick_Handler
 .text.EXTI15_10_IRQHandler
                0x0800a3a2        0xe ./Core/Src/stm32g4xx_it.o
                0x0800a3a2                EXTI15_10_IRQHandler
 .text._kill    0x0800a3b0       0x20 ./Core/Src/syscalls.o
                0x0800a3b0                _kill
 .text._exit    0x0800a3d0       0x16 ./Core/Src/syscalls.o
                0x0800a3d0                _exit
 .text._read    0x0800a3e6       0x3a ./Core/Src/syscalls.o
                0x0800a3e6                _read
 .text._write   0x0800a420       0x38 ./Core/Src/syscalls.o
                0x0800a420                _write
 .text._close   0x0800a458       0x18 ./Core/Src/syscalls.o
                0x0800a458                _close
 .text._fstat   0x0800a470       0x20 ./Core/Src/syscalls.o
                0x0800a470                _fstat
 .text._isatty  0x0800a490       0x16 ./Core/Src/syscalls.o
                0x0800a490                _isatty
 .text._lseek   0x0800a4a6       0x1a ./Core/Src/syscalls.o
                0x0800a4a6                _lseek
 .text._sbrk    0x0800a4c0       0x6c ./Core/Src/sysmem.o
                0x0800a4c0                _sbrk
 .text.SystemInit
                0x0800a52c       0x24 ./Core/Src/system_stm32g4xx.o
                0x0800a52c                SystemInit
 .text.Reset_Handler
                0x0800a550       0x50 ./Core/Startup/startup_stm32g474retx.o
                0x0800a550                Reset_Handler
 .text.Default_Handler
                0x0800a5a0        0x2 ./Core/Startup/startup_stm32g474retx.o
                0x0800a5a0                RTC_Alarm_IRQHandler
                0x0800a5a0                EXTI2_IRQHandler
                0x0800a5a0                TIM8_TRG_COM_IRQHandler
                0x0800a5a0                TIM8_CC_IRQHandler
                0x0800a5a0                HRTIM1_Master_IRQHandler
                0x0800a5a0                SPI4_IRQHandler
                0x0800a5a0                FDCAN3_IT0_IRQHandler
                0x0800a5a0                TIM1_CC_IRQHandler
                0x0800a5a0                HRTIM1_FLT_IRQHandler
                0x0800a5a0                HRTIM1_TIMF_IRQHandler
                0x0800a5a0                USB_HP_IRQHandler
                0x0800a5a0                CORDIC_IRQHandler
                0x0800a5a0                HRTIM1_TIMD_IRQHandler
                0x0800a5a0                DMA2_Channel8_IRQHandler
                0x0800a5a0                EXTI3_IRQHandler
                0x0800a5a0                I2C3_ER_IRQHandler
                0x0800a5a0                EXTI0_IRQHandler
                0x0800a5a0                I2C2_EV_IRQHandler
                0x0800a5a0                FPU_IRQHandler
                0x0800a5a0                FDCAN1_IT1_IRQHandler
                0x0800a5a0                TIM1_UP_TIM16_IRQHandler
                0x0800a5a0                ADC1_2_IRQHandler
                0x0800a5a0                HRTIM1_TIME_IRQHandler
                0x0800a5a0                SPI1_IRQHandler
                0x0800a5a0                TIM6_DAC_IRQHandler
                0x0800a5a0                HRTIM1_TIMC_IRQHandler
                0x0800a5a0                TIM8_UP_IRQHandler
                0x0800a5a0                DMA2_Channel2_IRQHandler
                0x0800a5a0                DMA1_Channel4_IRQHandler
                0x0800a5a0                TIM20_TRG_COM_IRQHandler
                0x0800a5a0                USART3_IRQHandler
                0x0800a5a0                DMA1_Channel7_IRQHandler
                0x0800a5a0                UART5_IRQHandler
                0x0800a5a0                ADC3_IRQHandler
                0x0800a5a0                TIM4_IRQHandler
                0x0800a5a0                DMA2_Channel1_IRQHandler
                0x0800a5a0                QUADSPI_IRQHandler
                0x0800a5a0                I2C1_EV_IRQHandler
                0x0800a5a0                DMA1_Channel6_IRQHandler
                0x0800a5a0                UART4_IRQHandler
                0x0800a5a0                DMA2_Channel4_IRQHandler
                0x0800a5a0                TIM3_IRQHandler
                0x0800a5a0                RCC_IRQHandler
                0x0800a5a0                TIM20_UP_IRQHandler
                0x0800a5a0                DMA1_Channel1_IRQHandler
                0x0800a5a0                Default_Handler
                0x0800a5a0                DMA2_Channel7_IRQHandler
                0x0800a5a0                RTC_TAMP_LSECSS_IRQHandler
                0x0800a5a0                FMAC_IRQHandler
                0x0800a5a0                DMA1_Channel8_IRQHandler
                0x0800a5a0                HRTIM1_TIMA_IRQHandler
                0x0800a5a0                TIM7_DAC_IRQHandler
                0x0800a5a0                FDCAN3_IT1_IRQHandler
                0x0800a5a0                TIM5_IRQHandler
                0x0800a5a0                UCPD1_IRQHandler
                0x0800a5a0                I2C3_EV_IRQHandler
                0x0800a5a0                EXTI9_5_IRQHandler
                0x0800a5a0                RTC_WKUP_IRQHandler
                0x0800a5a0                PVD_PVM_IRQHandler
                0x0800a5a0                SPI2_IRQHandler
                0x0800a5a0                ADC5_IRQHandler
                0x0800a5a0                DMA2_Channel5_IRQHandler
                0x0800a5a0                CRS_IRQHandler
                0x0800a5a0                DMA1_Channel5_IRQHandler
                0x0800a5a0                USB_LP_IRQHandler
                0x0800a5a0                EXTI4_IRQHandler
                0x0800a5a0                RNG_IRQHandler
                0x0800a5a0                HRTIM1_TIMB_IRQHandler
                0x0800a5a0                TIM1_TRG_COM_TIM17_IRQHandler
                0x0800a5a0                FDCAN2_IT1_IRQHandler
                0x0800a5a0                DMA1_Channel3_IRQHandler
                0x0800a5a0                ADC4_IRQHandler
                0x0800a5a0                WWDG_IRQHandler
                0x0800a5a0                I2C4_EV_IRQHandler
                0x0800a5a0                FDCAN2_IT0_IRQHandler
                0x0800a5a0                LPUART1_IRQHandler
                0x0800a5a0                DMA2_Channel6_IRQHandler
                0x0800a5a0                FDCAN1_IT0_IRQHandler
                0x0800a5a0                TIM2_IRQHandler
                0x0800a5a0                COMP7_IRQHandler
                0x0800a5a0                COMP1_2_3_IRQHandler
                0x0800a5a0                EXTI1_IRQHandler
                0x0800a5a0                USART2_IRQHandler
                0x0800a5a0                COMP4_5_6_IRQHandler
                0x0800a5a0                TIM20_BRK_IRQHandler
                0x0800a5a0                I2C2_ER_IRQHandler
                0x0800a5a0                DMA1_Channel2_IRQHandler
                0x0800a5a0                TIM8_BRK_IRQHandler
                0x0800a5a0                FLASH_IRQHandler
                0x0800a5a0                TIM20_CC_IRQHandler
                0x0800a5a0                USART1_IRQHandler
                0x0800a5a0                SPI3_IRQHandler
                0x0800a5a0                I2C1_ER_IRQHandler
                0x0800a5a0                FMC_IRQHandler
                0x0800a5a0                LPTIM1_IRQHandler
                0x0800a5a0                DMAMUX_OVR_IRQHandler
                0x0800a5a0                I2C4_ER_IRQHandler
                0x0800a5a0                USBWakeUp_IRQHandler
                0x0800a5a0                SAI1_IRQHandler
                0x0800a5a0                DMA2_Channel3_IRQHandler
                0x0800a5a0                TIM1_BRK_TIM15_IRQHandler
 *fill*         0x0800a5a2        0x2 
 .text.BSP_LED_Init
                0x0800a5a4       0x6c ./Drivers/BSP/STM32G4xx_Nucleo/stm32g4xx_nucleo.o
                0x0800a5a4                BSP_LED_Init
 .text.BSP_PB_Init
                0x0800a610       0xdc ./Drivers/BSP/STM32G4xx_Nucleo/stm32g4xx_nucleo.o
                0x0800a610                BSP_PB_Init
 .text.BSP_PB_IRQHandler
                0x0800a6ec       0x24 ./Drivers/BSP/STM32G4xx_Nucleo/stm32g4xx_nucleo.o
                0x0800a6ec                BSP_PB_IRQHandler
 .text.BSP_PB_Callback
                0x0800a710       0x16 ./Drivers/BSP/STM32G4xx_Nucleo/stm32g4xx_nucleo.o
                0x0800a710                BSP_PB_Callback
 *fill*         0x0800a726        0x2 
 .text.BSP_COM_Init
                0x0800a728       0x60 ./Drivers/BSP/STM32G4xx_Nucleo/stm32g4xx_nucleo.o
                0x0800a728                BSP_COM_Init
 .text.MX_LPUART1_Init
                0x0800a788       0x64 ./Drivers/BSP/STM32G4xx_Nucleo/stm32g4xx_nucleo.o
                0x0800a788                MX_LPUART1_Init
 .text.__io_putchar
                0x0800a7ec       0x38 ./Drivers/BSP/STM32G4xx_Nucleo/stm32g4xx_nucleo.o
                0x0800a7ec                __io_putchar
 .text.BUTTON_USER_EXTI_Callback
                0x0800a824        0xe ./Drivers/BSP/STM32G4xx_Nucleo/stm32g4xx_nucleo.o
 *fill*         0x0800a832        0x2 
 .text.COM1_MspInit
                0x0800a834       0x98 ./Drivers/BSP/STM32G4xx_Nucleo/stm32g4xx_nucleo.o
 .text.HAL_Init
                0x0800a8cc       0x30 ./Drivers/STM32G4xx_HAL_Driver/Src/stm32g4xx_hal.o
                0x0800a8cc                HAL_Init
 .text.HAL_InitTick
                0x0800a8fc       0x74 ./Drivers/STM32G4xx_HAL_Driver/Src/stm32g4xx_hal.o
                0x0800a8fc                HAL_InitTick
 .text.HAL_IncTick
                0x0800a970       0x24 ./Drivers/STM32G4xx_HAL_Driver/Src/stm32g4xx_hal.o
                0x0800a970                HAL_IncTick
 .text.HAL_GetTick
                0x0800a994       0x18 ./Drivers/STM32G4xx_HAL_Driver/Src/stm32g4xx_hal.o
                0x0800a994                HAL_GetTick
 .text.HAL_Delay
                0x0800a9ac       0x44 ./Drivers/STM32G4xx_HAL_Driver/Src/stm32g4xx_hal.o
                0x0800a9ac                HAL_Delay
 .text.LL_ADC_SetCommonClock
                0x0800a9f0       0x26 ./Drivers/STM32G4xx_HAL_Driver/Src/stm32g4xx_hal_adc.o
 .text.LL_ADC_SetCommonPathInternalCh
                0x0800aa16       0x26 ./Drivers/STM32G4xx_HAL_Driver/Src/stm32g4xx_hal_adc.o
 .text.LL_ADC_GetCommonPathInternalCh
                0x0800aa3c       0x1c ./Drivers/STM32G4xx_HAL_Driver/Src/stm32g4xx_hal_adc.o
 .text.LL_ADC_SetOffset
                0x0800aa58       0x48 ./Drivers/STM32G4xx_HAL_Driver/Src/stm32g4xx_hal_adc.o
 .text.LL_ADC_GetOffsetChannel
                0x0800aaa0       0x2c ./Drivers/STM32G4xx_HAL_Driver/Src/stm32g4xx_hal_adc.o
 .text.LL_ADC_SetOffsetState
                0x0800aacc       0x36 ./Drivers/STM32G4xx_HAL_Driver/Src/stm32g4xx_hal_adc.o
 .text.LL_ADC_SetOffsetSign
                0x0800ab02       0x36 ./Drivers/STM32G4xx_HAL_Driver/Src/stm32g4xx_hal_adc.o
 .text.LL_ADC_SetOffsetSaturation
                0x0800ab38       0x36 ./Drivers/STM32G4xx_HAL_Driver/Src/stm32g4xx_hal_adc.o
 .text.LL_ADC_SetSamplingTimeCommonConfig
                0x0800ab6e       0x26 ./Drivers/STM32G4xx_HAL_Driver/Src/stm32g4xx_hal_adc.o
 .text.LL_ADC_REG_SetSequencerRanks
                0x0800ab94       0x58 ./Drivers/STM32G4xx_HAL_Driver/Src/stm32g4xx_hal_adc.o
 .text.LL_ADC_SetChannelSamplingTime
                0x0800abec       0x56 ./Drivers/STM32G4xx_HAL_Driver/Src/stm32g4xx_hal_adc.o
 *fill*         0x0800ac42        0x2 
 .text.LL_ADC_SetChannelSingleDiff
                0x0800ac44       0x48 ./Drivers/STM32G4xx_HAL_Driver/Src/stm32g4xx_hal_adc.o
 .text.LL_ADC_DisableDeepPowerDown
                0x0800ac8c       0x24 ./Drivers/STM32G4xx_HAL_Driver/Src/stm32g4xx_hal_adc.o
 .text.LL_ADC_IsDeepPowerDownEnabled
                0x0800acb0       0x28 ./Drivers/STM32G4xx_HAL_Driver/Src/stm32g4xx_hal_adc.o
 .text.LL_ADC_EnableInternalRegulator
                0x0800acd8       0x28 ./Drivers/STM32G4xx_HAL_Driver/Src/stm32g4xx_hal_adc.o
 .text.LL_ADC_IsInternalRegulatorEnabled
                0x0800ad00       0x28 ./Drivers/STM32G4xx_HAL_Driver/Src/stm32g4xx_hal_adc.o
 .text.LL_ADC_IsEnabled
                0x0800ad28       0x26 ./Drivers/STM32G4xx_HAL_Driver/Src/stm32g4xx_hal_adc.o
 .text.LL_ADC_REG_IsConversionOngoing
                0x0800ad4e       0x26 ./Drivers/STM32G4xx_HAL_Driver/Src/stm32g4xx_hal_adc.o
 .text.LL_ADC_INJ_IsConversionOngoing
                0x0800ad74       0x26 ./Drivers/STM32G4xx_HAL_Driver/Src/stm32g4xx_hal_adc.o
 *fill*         0x0800ad9a        0x2 
 .text.HAL_ADC_Init
                0x0800ad9c      0x378 ./Drivers/STM32G4xx_HAL_Driver/Src/stm32g4xx_hal_adc.o
                0x0800ad9c                HAL_ADC_Init
 .text.HAL_ADC_ConfigChannel
                0x0800b114      0x880 ./Drivers/STM32G4xx_HAL_Driver/Src/stm32g4xx_hal_adc.o
                0x0800b114                HAL_ADC_ConfigChannel
 .text.LL_ADC_IsEnabled
                0x0800b994       0x26 ./Drivers/STM32G4xx_HAL_Driver/Src/stm32g4xx_hal_adc_ex.o
 .text.LL_ADC_REG_IsConversionOngoing
                0x0800b9ba       0x26 ./Drivers/STM32G4xx_HAL_Driver/Src/stm32g4xx_hal_adc_ex.o
 .text.HAL_ADCEx_MultiModeConfigChannel
                0x0800b9e0      0x210 ./Drivers/STM32G4xx_HAL_Driver/Src/stm32g4xx_hal_adc_ex.o
                0x0800b9e0                HAL_ADCEx_MultiModeConfigChannel
 .text.__NVIC_SetPriorityGrouping
                0x0800bbf0       0x48 ./Drivers/STM32G4xx_HAL_Driver/Src/stm32g4xx_hal_cortex.o
 .text.__NVIC_GetPriorityGrouping
                0x0800bc38       0x1c ./Drivers/STM32G4xx_HAL_Driver/Src/stm32g4xx_hal_cortex.o
 .text.__NVIC_EnableIRQ
                0x0800bc54       0x3c ./Drivers/STM32G4xx_HAL_Driver/Src/stm32g4xx_hal_cortex.o
 .text.__NVIC_SetPriority
                0x0800bc90       0x54 ./Drivers/STM32G4xx_HAL_Driver/Src/stm32g4xx_hal_cortex.o
 .text.NVIC_EncodePriority
                0x0800bce4       0x66 ./Drivers/STM32G4xx_HAL_Driver/Src/stm32g4xx_hal_cortex.o
 *fill*         0x0800bd4a        0x2 
 .text.SysTick_Config
                0x0800bd4c       0x44 ./Drivers/STM32G4xx_HAL_Driver/Src/stm32g4xx_hal_cortex.o
 .text.HAL_NVIC_SetPriorityGrouping
                0x0800bd90       0x16 ./Drivers/STM32G4xx_HAL_Driver/Src/stm32g4xx_hal_cortex.o
                0x0800bd90                HAL_NVIC_SetPriorityGrouping
 .text.HAL_NVIC_SetPriority
                0x0800bda6       0x34 ./Drivers/STM32G4xx_HAL_Driver/Src/stm32g4xx_hal_cortex.o
                0x0800bda6                HAL_NVIC_SetPriority
 .text.HAL_NVIC_EnableIRQ
                0x0800bdda       0x1c ./Drivers/STM32G4xx_HAL_Driver/Src/stm32g4xx_hal_cortex.o
                0x0800bdda                HAL_NVIC_EnableIRQ
 .text.HAL_SYSTICK_Config
                0x0800bdf6       0x18 ./Drivers/STM32G4xx_HAL_Driver/Src/stm32g4xx_hal_cortex.o
                0x0800bdf6                HAL_SYSTICK_Config
 .text.HAL_EXTI_RegisterCallback
                0x0800be0e       0x3a ./Drivers/STM32G4xx_HAL_Driver/Src/stm32g4xx_hal_exti.o
                0x0800be0e                HAL_EXTI_RegisterCallback
 .text.HAL_EXTI_GetHandle
                0x0800be48       0x28 ./Drivers/STM32G4xx_HAL_Driver/Src/stm32g4xx_hal_exti.o
                0x0800be48                HAL_EXTI_GetHandle
 .text.HAL_EXTI_IRQHandler
                0x0800be70       0x60 ./Drivers/STM32G4xx_HAL_Driver/Src/stm32g4xx_hal_exti.o
                0x0800be70                HAL_EXTI_IRQHandler
 .text.HAL_GPIO_Init
                0x0800bed0      0x304 ./Drivers/STM32G4xx_HAL_Driver/Src/stm32g4xx_hal_gpio.o
                0x0800bed0                HAL_GPIO_Init
 .text.HAL_GPIO_WritePin
                0x0800c1d4       0x30 ./Drivers/STM32G4xx_HAL_Driver/Src/stm32g4xx_hal_gpio.o
                0x0800c1d4                HAL_GPIO_WritePin
 .text.HAL_I2C_Init
                0x0800c204      0x136 ./Drivers/STM32G4xx_HAL_Driver/Src/stm32g4xx_hal_i2c.o
                0x0800c204                HAL_I2C_Init
 .text.HAL_I2CEx_ConfigAnalogFilter
                0x0800c33a       0x96 ./Drivers/STM32G4xx_HAL_Driver/Src/stm32g4xx_hal_i2c_ex.o
                0x0800c33a                HAL_I2CEx_ConfigAnalogFilter
 .text.HAL_I2CEx_ConfigDigitalFilter
                0x0800c3d0       0x98 ./Drivers/STM32G4xx_HAL_Driver/Src/stm32g4xx_hal_i2c_ex.o
                0x0800c3d0                HAL_I2CEx_ConfigDigitalFilter
 .text.HAL_PWREx_ControlVoltageScaling
                0x0800c468      0x148 ./Drivers/STM32G4xx_HAL_Driver/Src/stm32g4xx_hal_pwr_ex.o
                0x0800c468                HAL_PWREx_ControlVoltageScaling
 .text.HAL_PWREx_DisableUCPDDeadBattery
                0x0800c5b0       0x20 ./Drivers/STM32G4xx_HAL_Driver/Src/stm32g4xx_hal_pwr_ex.o
                0x0800c5b0                HAL_PWREx_DisableUCPDDeadBattery
 .text.HAL_RCC_OscConfig
                0x0800c5d0      0x624 ./Drivers/STM32G4xx_HAL_Driver/Src/stm32g4xx_hal_rcc.o
                0x0800c5d0                HAL_RCC_OscConfig
 .text.HAL_RCC_ClockConfig
                0x0800cbf4      0x278 ./Drivers/STM32G4xx_HAL_Driver/Src/stm32g4xx_hal_rcc.o
                0x0800cbf4                HAL_RCC_ClockConfig
 .text.HAL_RCC_GetSysClockFreq
                0x0800ce6c       0xc4 ./Drivers/STM32G4xx_HAL_Driver/Src/stm32g4xx_hal_rcc.o
                0x0800ce6c                HAL_RCC_GetSysClockFreq
 .text.HAL_RCC_GetHCLKFreq
                0x0800cf30       0x18 ./Drivers/STM32G4xx_HAL_Driver/Src/stm32g4xx_hal_rcc.o
                0x0800cf30                HAL_RCC_GetHCLKFreq
 .text.HAL_RCC_GetPCLK1Freq
                0x0800cf48       0x2c ./Drivers/STM32G4xx_HAL_Driver/Src/stm32g4xx_hal_rcc.o
                0x0800cf48                HAL_RCC_GetPCLK1Freq
 .text.HAL_RCC_GetPCLK2Freq
                0x0800cf74       0x2c ./Drivers/STM32G4xx_HAL_Driver/Src/stm32g4xx_hal_rcc.o
                0x0800cf74                HAL_RCC_GetPCLK2Freq
 .text.RCC_GetSysClockFreqFromPLLSource
                0x0800cfa0       0x8c ./Drivers/STM32G4xx_HAL_Driver/Src/stm32g4xx_hal_rcc.o
 .text.HAL_RCCEx_PeriphCLKConfig
                0x0800d02c      0x49c ./Drivers/STM32G4xx_HAL_Driver/Src/stm32g4xx_hal_rcc_ex.o
                0x0800d02c                HAL_RCCEx_PeriphCLKConfig
 .text.HAL_SPI_Init
                0x0800d4c8      0x156 ./Drivers/STM32G4xx_HAL_Driver/Src/stm32g4xx_hal_spi.o
                0x0800d4c8                HAL_SPI_Init
 .text.HAL_SPI_Transmit
                0x0800d61e      0x2ea ./Drivers/STM32G4xx_HAL_Driver/Src/stm32g4xx_hal_spi.o
                0x0800d61e                HAL_SPI_Transmit
 .text.HAL_SPI_Receive
                0x0800d908      0x26e ./Drivers/STM32G4xx_HAL_Driver/Src/stm32g4xx_hal_spi.o
                0x0800d908                HAL_SPI_Receive
 .text.HAL_SPI_TransmitReceive
                0x0800db76      0x444 ./Drivers/STM32G4xx_HAL_Driver/Src/stm32g4xx_hal_spi.o
                0x0800db76                HAL_SPI_TransmitReceive
 *fill*         0x0800dfba        0x2 
 .text.SPI_WaitFlagStateUntilTimeout
                0x0800dfbc      0x110 ./Drivers/STM32G4xx_HAL_Driver/Src/stm32g4xx_hal_spi.o
 .text.SPI_WaitFifoStateUntilTimeout
                0x0800e0cc      0x12c ./Drivers/STM32G4xx_HAL_Driver/Src/stm32g4xx_hal_spi.o
 .text.SPI_EndRxTransaction
                0x0800e1f8       0xb0 ./Drivers/STM32G4xx_HAL_Driver/Src/stm32g4xx_hal_spi.o
 .text.SPI_EndRxTxTransaction
                0x0800e2a8       0x8c ./Drivers/STM32G4xx_HAL_Driver/Src/stm32g4xx_hal_spi.o
 .text.HAL_TIM_Base_Init
                0x0800e334       0xae ./Drivers/STM32G4xx_HAL_Driver/Src/stm32g4xx_hal_tim.o
                0x0800e334                HAL_TIM_Base_Init
 *fill*         0x0800e3e2        0x2 
 .text.HAL_TIM_Base_Start
                0x0800e3e4       0xe0 ./Drivers/STM32G4xx_HAL_Driver/Src/stm32g4xx_hal_tim.o
                0x0800e3e4                HAL_TIM_Base_Start
 .text.HAL_TIM_Base_Stop
                0x0800e4c4       0x4e ./Drivers/STM32G4xx_HAL_Driver/Src/stm32g4xx_hal_tim.o
                0x0800e4c4                HAL_TIM_Base_Stop
 .text.HAL_TIM_SlaveConfigSynchro
                0x0800e512       0x84 ./Drivers/STM32G4xx_HAL_Driver/Src/stm32g4xx_hal_tim.o
                0x0800e512                HAL_TIM_SlaveConfigSynchro
 *fill*         0x0800e596        0x2 
 .text.TIM_Base_SetConfig
                0x0800e598      0x168 ./Drivers/STM32G4xx_HAL_Driver/Src/stm32g4xx_hal_tim.o
                0x0800e598                TIM_Base_SetConfig
 .text.TIM_SlaveTimer_SetConfig
                0x0800e700      0x1c0 ./Drivers/STM32G4xx_HAL_Driver/Src/stm32g4xx_hal_tim.o
 .text.TIM_TI1_ConfigInputStage
                0x0800e8c0       0x5e ./Drivers/STM32G4xx_HAL_Driver/Src/stm32g4xx_hal_tim.o
 .text.TIM_TI2_ConfigInputStage
                0x0800e91e       0x60 ./Drivers/STM32G4xx_HAL_Driver/Src/stm32g4xx_hal_tim.o
 .text.TIM_ETR_SetConfig
                0x0800e97e       0x40 ./Drivers/STM32G4xx_HAL_Driver/Src/stm32g4xx_hal_tim.o
                0x0800e97e                TIM_ETR_SetConfig
 *fill*         0x0800e9be        0x2 
 .text.HAL_TIMEx_MasterConfigSynchronization
                0x0800e9c0      0x12c ./Drivers/STM32G4xx_HAL_Driver/Src/stm32g4xx_hal_tim_ex.o
                0x0800e9c0                HAL_TIMEx_MasterConfigSynchronization
 .text.HAL_UART_Init
                0x0800eaec       0xa0 ./Drivers/STM32G4xx_HAL_Driver/Src/stm32g4xx_hal_uart.o
                0x0800eaec                HAL_UART_Init
 .text.HAL_UART_MspInit
                0x0800eb8c       0x14 ./Drivers/STM32G4xx_HAL_Driver/Src/stm32g4xx_hal_uart.o
                0x0800eb8c                HAL_UART_MspInit
 .text.HAL_UART_Transmit
                0x0800eba0      0x11c ./Drivers/STM32G4xx_HAL_Driver/Src/stm32g4xx_hal_uart.o
                0x0800eba0                HAL_UART_Transmit
 .text.UART_SetConfig
                0x0800ecbc      0x5f8 ./Drivers/STM32G4xx_HAL_Driver/Src/stm32g4xx_hal_uart.o
                0x0800ecbc                UART_SetConfig
 .text.UART_AdvFeatureConfig
                0x0800f2b4      0x144 ./Drivers/STM32G4xx_HAL_Driver/Src/stm32g4xx_hal_uart.o
                0x0800f2b4                UART_AdvFeatureConfig
 .text.UART_CheckIdleState
                0x0800f3f8      0x154 ./Drivers/STM32G4xx_HAL_Driver/Src/stm32g4xx_hal_uart.o
                0x0800f3f8                UART_CheckIdleState
 .text.UART_WaitOnFlagUntilTimeout
                0x0800f54c       0xda ./Drivers/STM32G4xx_HAL_Driver/Src/stm32g4xx_hal_uart.o
                0x0800f54c                UART_WaitOnFlagUntilTimeout
 .text.UART_EndRxTransfer
                0x0800f626       0xcc ./Drivers/STM32G4xx_HAL_Driver/Src/stm32g4xx_hal_uart.o
 *fill*         0x0800f6f2        0x2 
 .text.calloc   0x0800f6f4       0x10 C:/ST/STM32CubeIDE_1.16.1/STM32CubeIDE/plugins/com.st.stm32cube.ide.mcu.externaltools.gnu-tools-for-stm32.12.3.rel1.win32_1.0.200.202406191623/tools/bin/../lib/gcc/arm-none-eabi/12.3.1/../../../../arm-none-eabi/lib/thumb/v7e-m+fp/hard\libc_nano.a(libc_a-calloc.o)
                0x0800f6f4                calloc
 .text._calloc_r
                0x0800f704       0x28 C:/ST/STM32CubeIDE_1.16.1/STM32CubeIDE/plugins/com.st.stm32cube.ide.mcu.externaltools.gnu-tools-for-stm32.12.3.rel1.win32_1.0.200.202406191623/tools/bin/../lib/gcc/arm-none-eabi/12.3.1/../../../../arm-none-eabi/lib/thumb/v7e-m+fp/hard\libc_nano.a(libc_a-callocr.o)
                0x0800f704                _calloc_r
 .text.exit     0x0800f72c       0x24 C:/ST/STM32CubeIDE_1.16.1/STM32CubeIDE/plugins/com.st.stm32cube.ide.mcu.externaltools.gnu-tools-for-stm32.12.3.rel1.win32_1.0.200.202406191623/tools/bin/../lib/gcc/arm-none-eabi/12.3.1/../../../../arm-none-eabi/lib/thumb/v7e-m+fp/hard\libc_nano.a(libc_a-exit.o)
                0x0800f72c                exit
 .text.free     0x0800f750       0x10 C:/ST/STM32CubeIDE_1.16.1/STM32CubeIDE/plugins/com.st.stm32cube.ide.mcu.externaltools.gnu-tools-for-stm32.12.3.rel1.win32_1.0.200.202406191623/tools/bin/../lib/gcc/arm-none-eabi/12.3.1/../../../../arm-none-eabi/lib/thumb/v7e-m+fp/hard\libc_nano.a(libc_a-malloc.o)
                0x0800f750                free
 .text.sbrk_aligned
                0x0800f760       0x44 C:/ST/STM32CubeIDE_1.16.1/STM32CubeIDE/plugins/com.st.stm32cube.ide.mcu.externaltools.gnu-tools-for-stm32.12.3.rel1.win32_1.0.200.202406191623/tools/bin/../lib/gcc/arm-none-eabi/12.3.1/../../../../arm-none-eabi/lib/thumb/v7e-m+fp/hard\libc_nano.a(libc_a-mallocr.o)
 .text._malloc_r
                0x0800f7a4      0x100 C:/ST/STM32CubeIDE_1.16.1/STM32CubeIDE/plugins/com.st.stm32cube.ide.mcu.externaltools.gnu-tools-for-stm32.12.3.rel1.win32_1.0.200.202406191623/tools/bin/../lib/gcc/arm-none-eabi/12.3.1/../../../../arm-none-eabi/lib/thumb/v7e-m+fp/hard\libc_nano.a(libc_a-mallocr.o)
                0x0800f7a4                _malloc_r
 .text.__malloc_lock
                0x0800f8a4        0xc C:/ST/STM32CubeIDE_1.16.1/STM32CubeIDE/plugins/com.st.stm32cube.ide.mcu.externaltools.gnu-tools-for-stm32.12.3.rel1.win32_1.0.200.202406191623/tools/bin/../lib/gcc/arm-none-eabi/12.3.1/../../../../arm-none-eabi/lib/thumb/v7e-m+fp/hard\libc_nano.a(libc_a-mlock.o)
                0x0800f8a4                __malloc_lock
 .text.__malloc_unlock
                0x0800f8b0        0xc C:/ST/STM32CubeIDE_1.16.1/STM32CubeIDE/plugins/com.st.stm32cube.ide.mcu.externaltools.gnu-tools-for-stm32.12.3.rel1.win32_1.0.200.202406191623/tools/bin/../lib/gcc/arm-none-eabi/12.3.1/../../../../arm-none-eabi/lib/thumb/v7e-m+fp/hard\libc_nano.a(libc_a-mlock.o)
                0x0800f8b0                __malloc_unlock
 .text.std      0x0800f8bc       0x6c C:/ST/STM32CubeIDE_1.16.1/STM32CubeIDE/plugins/com.st.stm32cube.ide.mcu.externaltools.gnu-tools-for-stm32.12.3.rel1.win32_1.0.200.202406191623/tools/bin/../lib/gcc/arm-none-eabi/12.3.1/../../../../arm-none-eabi/lib/thumb/v7e-m+fp/hard\libc_nano.a(libc_a-findfp.o)
 .text.stdio_exit_handler
                0x0800f928       0x18 C:/ST/STM32CubeIDE_1.16.1/STM32CubeIDE/plugins/com.st.stm32cube.ide.mcu.externaltools.gnu-tools-for-stm32.12.3.rel1.win32_1.0.200.202406191623/tools/bin/../lib/gcc/arm-none-eabi/12.3.1/../../../../arm-none-eabi/lib/thumb/v7e-m+fp/hard\libc_nano.a(libc_a-findfp.o)
 .text.cleanup_stdio
                0x0800f940       0x40 C:/ST/STM32CubeIDE_1.16.1/STM32CubeIDE/plugins/com.st.stm32cube.ide.mcu.externaltools.gnu-tools-for-stm32.12.3.rel1.win32_1.0.200.202406191623/tools/bin/../lib/gcc/arm-none-eabi/12.3.1/../../../../arm-none-eabi/lib/thumb/v7e-m+fp/hard\libc_nano.a(libc_a-findfp.o)
 .text.global_stdio_init.part.0
                0x0800f980       0x3c C:/ST/STM32CubeIDE_1.16.1/STM32CubeIDE/plugins/com.st.stm32cube.ide.mcu.externaltools.gnu-tools-for-stm32.12.3.rel1.win32_1.0.200.202406191623/tools/bin/../lib/gcc/arm-none-eabi/12.3.1/../../../../arm-none-eabi/lib/thumb/v7e-m+fp/hard\libc_nano.a(libc_a-findfp.o)
 .text.__sfp_lock_acquire
                0x0800f9bc        0xc C:/ST/STM32CubeIDE_1.16.1/STM32CubeIDE/plugins/com.st.stm32cube.ide.mcu.externaltools.gnu-tools-for-stm32.12.3.rel1.win32_1.0.200.202406191623/tools/bin/../lib/gcc/arm-none-eabi/12.3.1/../../../../arm-none-eabi/lib/thumb/v7e-m+fp/hard\libc_nano.a(libc_a-findfp.o)
                0x0800f9bc                __sfp_lock_acquire
 .text.__sfp_lock_release
                0x0800f9c8        0xc C:/ST/STM32CubeIDE_1.16.1/STM32CubeIDE/plugins/com.st.stm32cube.ide.mcu.externaltools.gnu-tools-for-stm32.12.3.rel1.win32_1.0.200.202406191623/tools/bin/../lib/gcc/arm-none-eabi/12.3.1/../../../../arm-none-eabi/lib/thumb/v7e-m+fp/hard\libc_nano.a(libc_a-findfp.o)
                0x0800f9c8                __sfp_lock_release
 .text.__sinit  0x0800f9d4       0x30 C:/ST/STM32CubeIDE_1.16.1/STM32CubeIDE/plugins/com.st.stm32cube.ide.mcu.externaltools.gnu-tools-for-stm32.12.3.rel1.win32_1.0.200.202406191623/tools/bin/../lib/gcc/arm-none-eabi/12.3.1/../../../../arm-none-eabi/lib/thumb/v7e-m+fp/hard\libc_nano.a(libc_a-findfp.o)
                0x0800f9d4                __sinit
 .text._fwalk_sglue
                0x0800fa04       0x3c C:/ST/STM32CubeIDE_1.16.1/STM32CubeIDE/plugins/com.st.stm32cube.ide.mcu.externaltools.gnu-tools-for-stm32.12.3.rel1.win32_1.0.200.202406191623/tools/bin/../lib/gcc/arm-none-eabi/12.3.1/../../../../arm-none-eabi/lib/thumb/v7e-m+fp/hard\libc_nano.a(libc_a-fwalk.o)
                0x0800fa04                _fwalk_sglue
 .text.printf   0x0800fa40       0x24 C:/ST/STM32CubeIDE_1.16.1/STM32CubeIDE/plugins/com.st.stm32cube.ide.mcu.externaltools.gnu-tools-for-stm32.12.3.rel1.win32_1.0.200.202406191623/tools/bin/../lib/gcc/arm-none-eabi/12.3.1/../../../../arm-none-eabi/lib/thumb/v7e-m+fp/hard\libc_nano.a(libc_a-printf.o)
                0x0800fa40                iprintf
                0x0800fa40                printf
 .text.putchar  0x0800fa64       0x10 C:/ST/STM32CubeIDE_1.16.1/STM32CubeIDE/plugins/com.st.stm32cube.ide.mcu.externaltools.gnu-tools-for-stm32.12.3.rel1.win32_1.0.200.202406191623/tools/bin/../lib/gcc/arm-none-eabi/12.3.1/../../../../arm-none-eabi/lib/thumb/v7e-m+fp/hard\libc_nano.a(libc_a-putchar.o)
                0x0800fa64                putchar
 .text._puts_r  0x0800fa74       0xaa C:/ST/STM32CubeIDE_1.16.1/STM32CubeIDE/plugins/com.st.stm32cube.ide.mcu.externaltools.gnu-tools-for-stm32.12.3.rel1.win32_1.0.200.202406191623/tools/bin/../lib/gcc/arm-none-eabi/12.3.1/../../../../arm-none-eabi/lib/thumb/v7e-m+fp/hard\libc_nano.a(libc_a-puts.o)
                0x0800fa74                _puts_r
 *fill*         0x0800fb1e        0x2 
 .text.puts     0x0800fb20       0x10 C:/ST/STM32CubeIDE_1.16.1/STM32CubeIDE/plugins/com.st.stm32cube.ide.mcu.externaltools.gnu-tools-for-stm32.12.3.rel1.win32_1.0.200.202406191623/tools/bin/../lib/gcc/arm-none-eabi/12.3.1/../../../../arm-none-eabi/lib/thumb/v7e-m+fp/hard\libc_nano.a(libc_a-puts.o)
                0x0800fb20                puts
 .text.scanf    0x0800fb30       0x24 C:/ST/STM32CubeIDE_1.16.1/STM32CubeIDE/plugins/com.st.stm32cube.ide.mcu.externaltools.gnu-tools-for-stm32.12.3.rel1.win32_1.0.200.202406191623/tools/bin/../lib/gcc/arm-none-eabi/12.3.1/../../../../arm-none-eabi/lib/thumb/v7e-m+fp/hard\libc_nano.a(libc_a-scanf.o)
                0x0800fb30                scanf
                0x0800fb30                iscanf
 .text.__sread  0x0800fb54       0x22 C:/ST/STM32CubeIDE_1.16.1/STM32CubeIDE/plugins/com.st.stm32cube.ide.mcu.externaltools.gnu-tools-for-stm32.12.3.rel1.win32_1.0.200.202406191623/tools/bin/../lib/gcc/arm-none-eabi/12.3.1/../../../../arm-none-eabi/lib/thumb/v7e-m+fp/hard\libc_nano.a(libc_a-stdio.o)
                0x0800fb54                __sread
 .text.__swrite
                0x0800fb76       0x38 C:/ST/STM32CubeIDE_1.16.1/STM32CubeIDE/plugins/com.st.stm32cube.ide.mcu.externaltools.gnu-tools-for-stm32.12.3.rel1.win32_1.0.200.202406191623/tools/bin/../lib/gcc/arm-none-eabi/12.3.1/../../../../arm-none-eabi/lib/thumb/v7e-m+fp/hard\libc_nano.a(libc_a-stdio.o)
                0x0800fb76                __swrite
 .text.__sseek  0x0800fbae       0x24 C:/ST/STM32CubeIDE_1.16.1/STM32CubeIDE/plugins/com.st.stm32cube.ide.mcu.externaltools.gnu-tools-for-stm32.12.3.rel1.win32_1.0.200.202406191623/tools/bin/../lib/gcc/arm-none-eabi/12.3.1/../../../../arm-none-eabi/lib/thumb/v7e-m+fp/hard\libc_nano.a(libc_a-stdio.o)
                0x0800fbae                __sseek
 .text.__sclose
                0x0800fbd2        0x8 C:/ST/STM32CubeIDE_1.16.1/STM32CubeIDE/plugins/com.st.stm32cube.ide.mcu.externaltools.gnu-tools-for-stm32.12.3.rel1.win32_1.0.200.202406191623/tools/bin/../lib/gcc/arm-none-eabi/12.3.1/../../../../arm-none-eabi/lib/thumb/v7e-m+fp/hard\libc_nano.a(libc_a-stdio.o)
                0x0800fbd2                __sclose
 .text.__swbuf_r
                0x0800fbda       0x7c C:/ST/STM32CubeIDE_1.16.1/STM32CubeIDE/plugins/com.st.stm32cube.ide.mcu.externaltools.gnu-tools-for-stm32.12.3.rel1.win32_1.0.200.202406191623/tools/bin/../lib/gcc/arm-none-eabi/12.3.1/../../../../arm-none-eabi/lib/thumb/v7e-m+fp/hard\libc_nano.a(libc_a-wbuf.o)
                0x0800fbda                __swbuf_r
 *fill*         0x0800fc56        0x2 
 .text.__swsetup_r
                0x0800fc58       0xac C:/ST/STM32CubeIDE_1.16.1/STM32CubeIDE/plugins/com.st.stm32cube.ide.mcu.externaltools.gnu-tools-for-stm32.12.3.rel1.win32_1.0.200.202406191623/tools/bin/../lib/gcc/arm-none-eabi/12.3.1/../../../../arm-none-eabi/lib/thumb/v7e-m+fp/hard\libc_nano.a(libc_a-wsetup.o)
                0x0800fc58                __swsetup_r
 .text.memset   0x0800fd04       0x10 C:/ST/STM32CubeIDE_1.16.1/STM32CubeIDE/plugins/com.st.stm32cube.ide.mcu.externaltools.gnu-tools-for-stm32.12.3.rel1.win32_1.0.200.202406191623/tools/bin/../lib/gcc/arm-none-eabi/12.3.1/../../../../arm-none-eabi/lib/thumb/v7e-m+fp/hard\libc_nano.a(libc_a-memset.o)
                0x0800fd04                memset
 .text._close_r
                0x0800fd14       0x20 C:/ST/STM32CubeIDE_1.16.1/STM32CubeIDE/plugins/com.st.stm32cube.ide.mcu.externaltools.gnu-tools-for-stm32.12.3.rel1.win32_1.0.200.202406191623/tools/bin/../lib/gcc/arm-none-eabi/12.3.1/../../../../arm-none-eabi/lib/thumb/v7e-m+fp/hard\libc_nano.a(libc_a-closer.o)
                0x0800fd14                _close_r
 .text._lseek_r
                0x0800fd34       0x24 C:/ST/STM32CubeIDE_1.16.1/STM32CubeIDE/plugins/com.st.stm32cube.ide.mcu.externaltools.gnu-tools-for-stm32.12.3.rel1.win32_1.0.200.202406191623/tools/bin/../lib/gcc/arm-none-eabi/12.3.1/../../../../arm-none-eabi/lib/thumb/v7e-m+fp/hard\libc_nano.a(libc_a-lseekr.o)
                0x0800fd34                _lseek_r
 .text._read_r  0x0800fd58       0x24 C:/ST/STM32CubeIDE_1.16.1/STM32CubeIDE/plugins/com.st.stm32cube.ide.mcu.externaltools.gnu-tools-for-stm32.12.3.rel1.win32_1.0.200.202406191623/tools/bin/../lib/gcc/arm-none-eabi/12.3.1/../../../../arm-none-eabi/lib/thumb/v7e-m+fp/hard\libc_nano.a(libc_a-readr.o)
                0x0800fd58                _read_r
 .text._sbrk_r  0x0800fd7c       0x20 C:/ST/STM32CubeIDE_1.16.1/STM32CubeIDE/plugins/com.st.stm32cube.ide.mcu.externaltools.gnu-tools-for-stm32.12.3.rel1.win32_1.0.200.202406191623/tools/bin/../lib/gcc/arm-none-eabi/12.3.1/../../../../arm-none-eabi/lib/thumb/v7e-m+fp/hard\libc_nano.a(libc_a-sbrkr.o)
                0x0800fd7c                _sbrk_r
 .text._write_r
                0x0800fd9c       0x24 C:/ST/STM32CubeIDE_1.16.1/STM32CubeIDE/plugins/com.st.stm32cube.ide.mcu.externaltools.gnu-tools-for-stm32.12.3.rel1.win32_1.0.200.202406191623/tools/bin/../lib/gcc/arm-none-eabi/12.3.1/../../../../arm-none-eabi/lib/thumb/v7e-m+fp/hard\libc_nano.a(libc_a-writer.o)
                0x0800fd9c                _write_r
 .text.__errno  0x0800fdc0        0xc C:/ST/STM32CubeIDE_1.16.1/STM32CubeIDE/plugins/com.st.stm32cube.ide.mcu.externaltools.gnu-tools-for-stm32.12.3.rel1.win32_1.0.200.202406191623/tools/bin/../lib/gcc/arm-none-eabi/12.3.1/../../../../arm-none-eabi/lib/thumb/v7e-m+fp/hard\libc_nano.a(libc_a-errno.o)
                0x0800fdc0                __errno
 .text.__libc_init_array
                0x0800fdcc       0x48 C:/ST/STM32CubeIDE_1.16.1/STM32CubeIDE/plugins/com.st.stm32cube.ide.mcu.externaltools.gnu-tools-for-stm32.12.3.rel1.win32_1.0.200.202406191623/tools/bin/../lib/gcc/arm-none-eabi/12.3.1/../../../../arm-none-eabi/lib/thumb/v7e-m+fp/hard\libc_nano.a(libc_a-init.o)
                0x0800fdcc                __libc_init_array
 .text.__retarget_lock_init_recursive
                0x0800fe14        0x2 C:/ST/STM32CubeIDE_1.16.1/STM32CubeIDE/plugins/com.st.stm32cube.ide.mcu.externaltools.gnu-tools-for-stm32.12.3.rel1.win32_1.0.200.202406191623/tools/bin/../lib/gcc/arm-none-eabi/12.3.1/../../../../arm-none-eabi/lib/thumb/v7e-m+fp/hard\libc_nano.a(libc_a-lock.o)
                0x0800fe14                __retarget_lock_init_recursive
 .text.__retarget_lock_acquire_recursive
                0x0800fe16        0x2 C:/ST/STM32CubeIDE_1.16.1/STM32CubeIDE/plugins/com.st.stm32cube.ide.mcu.externaltools.gnu-tools-for-stm32.12.3.rel1.win32_1.0.200.202406191623/tools/bin/../lib/gcc/arm-none-eabi/12.3.1/../../../../arm-none-eabi/lib/thumb/v7e-m+fp/hard\libc_nano.a(libc_a-lock.o)
                0x0800fe16                __retarget_lock_acquire_recursive
 .text.__retarget_lock_release_recursive
                0x0800fe18        0x2 C:/ST/STM32CubeIDE_1.16.1/STM32CubeIDE/plugins/com.st.stm32cube.ide.mcu.externaltools.gnu-tools-for-stm32.12.3.rel1.win32_1.0.200.202406191623/tools/bin/../lib/gcc/arm-none-eabi/12.3.1/../../../../arm-none-eabi/lib/thumb/v7e-m+fp/hard\libc_nano.a(libc_a-lock.o)
                0x0800fe18                __retarget_lock_release_recursive
 .text.memcpy   0x0800fe1a       0x1c C:/ST/STM32CubeIDE_1.16.1/STM32CubeIDE/plugins/com.st.stm32cube.ide.mcu.externaltools.gnu-tools-for-stm32.12.3.rel1.win32_1.0.200.202406191623/tools/bin/../lib/gcc/arm-none-eabi/12.3.1/../../../../arm-none-eabi/lib/thumb/v7e-m+fp/hard\libc_nano.a(libc_a-memcpy-stub.o)
                0x0800fe1a                memcpy
 *fill*         0x0800fe36        0x2 
 .text._free_r  0x0800fe38       0x94 C:/ST/STM32CubeIDE_1.16.1/STM32CubeIDE/plugins/com.st.stm32cube.ide.mcu.externaltools.gnu-tools-for-stm32.12.3.rel1.win32_1.0.200.202406191623/tools/bin/../lib/gcc/arm-none-eabi/12.3.1/../../../../arm-none-eabi/lib/thumb/v7e-m+fp/hard\libc_nano.a(libc_a-freer.o)
                0x0800fe38                _free_r
 .text.__sfputc_r
                0x0800fecc       0x2e C:/ST/STM32CubeIDE_1.16.1/STM32CubeIDE/plugins/com.st.stm32cube.ide.mcu.externaltools.gnu-tools-for-stm32.12.3.rel1.win32_1.0.200.202406191623/tools/bin/../lib/gcc/arm-none-eabi/12.3.1/../../../../arm-none-eabi/lib/thumb/v7e-m+fp/hard\libc_nano.a(libc_a-nano-vfprintf.o)
 .text.__sfputs_r
                0x0800fefa       0x24 C:/ST/STM32CubeIDE_1.16.1/STM32CubeIDE/plugins/com.st.stm32cube.ide.mcu.externaltools.gnu-tools-for-stm32.12.3.rel1.win32_1.0.200.202406191623/tools/bin/../lib/gcc/arm-none-eabi/12.3.1/../../../../arm-none-eabi/lib/thumb/v7e-m+fp/hard\libc_nano.a(libc_a-nano-vfprintf.o)
                0x0800fefa                __sfputs_r
 *fill*         0x0800ff1e        0x2 
 .text._vfprintf_r
                0x0800ff20      0x230 C:/ST/STM32CubeIDE_1.16.1/STM32CubeIDE/plugins/com.st.stm32cube.ide.mcu.externaltools.gnu-tools-for-stm32.12.3.rel1.win32_1.0.200.202406191623/tools/bin/../lib/gcc/arm-none-eabi/12.3.1/../../../../arm-none-eabi/lib/thumb/v7e-m+fp/hard\libc_nano.a(libc_a-nano-vfprintf.o)
                0x0800ff20                _vfprintf_r
                0x0800ff20                _vfiprintf_r
 .text._printf_common
                0x08010150       0xda C:/ST/STM32CubeIDE_1.16.1/STM32CubeIDE/plugins/com.st.stm32cube.ide.mcu.externaltools.gnu-tools-for-stm32.12.3.rel1.win32_1.0.200.202406191623/tools/bin/../lib/gcc/arm-none-eabi/12.3.1/../../../../arm-none-eabi/lib/thumb/v7e-m+fp/hard\libc_nano.a(libc_a-nano-vfprintf_i.o)
                0x08010150                _printf_common
 *fill*         0x0801022a        0x2 
 .text._printf_i
                0x0801022c      0x240 C:/ST/STM32CubeIDE_1.16.1/STM32CubeIDE/plugins/com.st.stm32cube.ide.mcu.externaltools.gnu-tools-for-stm32.12.3.rel1.win32_1.0.200.202406191623/tools/bin/../lib/gcc/arm-none-eabi/12.3.1/../../../../arm-none-eabi/lib/thumb/v7e-m+fp/hard\libc_nano.a(libc_a-nano-vfprintf_i.o)
                0x0801022c                _printf_i
 .text.__svfscanf_r
                0x0801046c      0x338 C:/ST/STM32CubeIDE_1.16.1/STM32CubeIDE/plugins/com.st.stm32cube.ide.mcu.externaltools.gnu-tools-for-stm32.12.3.rel1.win32_1.0.200.202406191623/tools/bin/../lib/gcc/arm-none-eabi/12.3.1/../../../../arm-none-eabi/lib/thumb/v7e-m+fp/hard\libc_nano.a(libc_a-nano-vfscanf.o)
                0x0801046c                __svfscanf_r
                0x0801046c                __svfiscanf_r
 .text._vfscanf_r
                0x080107a4       0x26 C:/ST/STM32CubeIDE_1.16.1/STM32CubeIDE/plugins/com.st.stm32cube.ide.mcu.externaltools.gnu-tools-for-stm32.12.3.rel1.win32_1.0.200.202406191623/tools/bin/../lib/gcc/arm-none-eabi/12.3.1/../../../../arm-none-eabi/lib/thumb/v7e-m+fp/hard\libc_nano.a(libc_a-nano-vfscanf.o)
                0x080107a4                _vfscanf_r
                0x080107a4                _vfiscanf_r
 *fill*         0x080107ca        0x2 
 .text._scanf_chars
                0x080107cc       0xb4 C:/ST/STM32CubeIDE_1.16.1/STM32CubeIDE/plugins/com.st.stm32cube.ide.mcu.externaltools.gnu-tools-for-stm32.12.3.rel1.win32_1.0.200.202406191623/tools/bin/../lib/gcc/arm-none-eabi/12.3.1/../../../../arm-none-eabi/lib/thumb/v7e-m+fp/hard\libc_nano.a(libc_a-nano-vfscanf_i.o)
                0x080107cc                _scanf_chars
 .text._scanf_i
                0x08010880      0x1e8 C:/ST/STM32CubeIDE_1.16.1/STM32CubeIDE/plugins/com.st.stm32cube.ide.mcu.externaltools.gnu-tools-for-stm32.12.3.rel1.win32_1.0.200.202406191623/tools/bin/../lib/gcc/arm-none-eabi/12.3.1/../../../../arm-none-eabi/lib/thumb/v7e-m+fp/hard\libc_nano.a(libc_a-nano-vfscanf_i.o)
                0x08010880                _scanf_i
 .text.__sflush_r
                0x08010a68      0x108 C:/ST/STM32CubeIDE_1.16.1/STM32CubeIDE/plugins/com.st.stm32cube.ide.mcu.externaltools.gnu-tools-for-stm32.12.3.rel1.win32_1.0.200.202406191623/tools/bin/../lib/gcc/arm-none-eabi/12.3.1/../../../../arm-none-eabi/lib/thumb/v7e-m+fp/hard\libc_nano.a(libc_a-fflush.o)
                0x08010a68                __sflush_r
 .text._fflush_r
                0x08010b70       0x50 C:/ST/STM32CubeIDE_1.16.1/STM32CubeIDE/plugins/com.st.stm32cube.ide.mcu.externaltools.gnu-tools-for-stm32.12.3.rel1.win32_1.0.200.202406191623/tools/bin/../lib/gcc/arm-none-eabi/12.3.1/../../../../arm-none-eabi/lib/thumb/v7e-m+fp/hard\libc_nano.a(libc_a-fflush.o)
                0x08010b70                _fflush_r
 .text.__swhatbuf_r
                0x08010bc0       0x4c C:/ST/STM32CubeIDE_1.16.1/STM32CubeIDE/plugins/com.st.stm32cube.ide.mcu.externaltools.gnu-tools-for-stm32.12.3.rel1.win32_1.0.200.202406191623/tools/bin/../lib/gcc/arm-none-eabi/12.3.1/../../../../arm-none-eabi/lib/thumb/v7e-m+fp/hard\libc_nano.a(libc_a-makebuf.o)
                0x08010bc0                __swhatbuf_r
 .text.__smakebuf_r
                0x08010c0c       0x78 C:/ST/STM32CubeIDE_1.16.1/STM32CubeIDE/plugins/com.st.stm32cube.ide.mcu.externaltools.gnu-tools-for-stm32.12.3.rel1.win32_1.0.200.202406191623/tools/bin/../lib/gcc/arm-none-eabi/12.3.1/../../../../arm-none-eabi/lib/thumb/v7e-m+fp/hard\libc_nano.a(libc_a-makebuf.o)
                0x08010c0c                __smakebuf_r
 .text._putc_r  0x08010c84       0x68 C:/ST/STM32CubeIDE_1.16.1/STM32CubeIDE/plugins/com.st.stm32cube.ide.mcu.externaltools.gnu-tools-for-stm32.12.3.rel1.win32_1.0.200.202406191623/tools/bin/../lib/gcc/arm-none-eabi/12.3.1/../../../../arm-none-eabi/lib/thumb/v7e-m+fp/hard\libc_nano.a(libc_a-putc.o)
                0x08010c84                _putc_r
 .text.lflush   0x08010cec       0x1c C:/ST/STM32CubeIDE_1.16.1/STM32CubeIDE/plugins/com.st.stm32cube.ide.mcu.externaltools.gnu-tools-for-stm32.12.3.rel1.win32_1.0.200.202406191623/tools/bin/../lib/gcc/arm-none-eabi/12.3.1/../../../../arm-none-eabi/lib/thumb/v7e-m+fp/hard\libc_nano.a(libc_a-refill.o)
 .text.__srefill_r
                0x08010d08       0xe8 C:/ST/STM32CubeIDE_1.16.1/STM32CubeIDE/plugins/com.st.stm32cube.ide.mcu.externaltools.gnu-tools-for-stm32.12.3.rel1.win32_1.0.200.202406191623/tools/bin/../lib/gcc/arm-none-eabi/12.3.1/../../../../arm-none-eabi/lib/thumb/v7e-m+fp/hard\libc_nano.a(libc_a-refill.o)
                0x08010d08                __srefill_r
 .text.__sccl   0x08010df0       0x72 C:/ST/STM32CubeIDE_1.16.1/STM32CubeIDE/plugins/com.st.stm32cube.ide.mcu.externaltools.gnu-tools-for-stm32.12.3.rel1.win32_1.0.200.202406191623/tools/bin/../lib/gcc/arm-none-eabi/12.3.1/../../../../arm-none-eabi/lib/thumb/v7e-m+fp/hard\libc_nano.a(libc_a-sccl.o)
                0x08010df0                __sccl
 .text.__submore
                0x08010e62       0x74 C:/ST/STM32CubeIDE_1.16.1/STM32CubeIDE/plugins/com.st.stm32cube.ide.mcu.externaltools.gnu-tools-for-stm32.12.3.rel1.win32_1.0.200.202406191623/tools/bin/../lib/gcc/arm-none-eabi/12.3.1/../../../../arm-none-eabi/lib/thumb/v7e-m+fp/hard\libc_nano.a(libc_a-ungetc.o)
                0x08010e62                __submore
 .text._ungetc_r
                0x08010ed6       0xfe C:/ST/STM32CubeIDE_1.16.1/STM32CubeIDE/plugins/com.st.stm32cube.ide.mcu.externaltools.gnu-tools-for-stm32.12.3.rel1.win32_1.0.200.202406191623/tools/bin/../lib/gcc/arm-none-eabi/12.3.1/../../../../arm-none-eabi/lib/thumb/v7e-m+fp/hard\libc_nano.a(libc_a-ungetc.o)
                0x08010ed6                _ungetc_r
 .text._fstat_r
                0x08010fd4       0x24 C:/ST/STM32CubeIDE_1.16.1/STM32CubeIDE/plugins/com.st.stm32cube.ide.mcu.externaltools.gnu-tools-for-stm32.12.3.rel1.win32_1.0.200.202406191623/tools/bin/../lib/gcc/arm-none-eabi/12.3.1/../../../../arm-none-eabi/lib/thumb/v7e-m+fp/hard\libc_nano.a(libc_a-fstatr.o)
                0x08010fd4                _fstat_r
 .text._isatty_r
                0x08010ff8       0x20 C:/ST/STM32CubeIDE_1.16.1/STM32CubeIDE/plugins/com.st.stm32cube.ide.mcu.externaltools.gnu-tools-for-stm32.12.3.rel1.win32_1.0.200.202406191623/tools/bin/../lib/gcc/arm-none-eabi/12.3.1/../../../../arm-none-eabi/lib/thumb/v7e-m+fp/hard\libc_nano.a(libc_a-isattyr.o)
                0x08010ff8                _isatty_r
 .text._realloc_r
                0x08011018       0x5c C:/ST/STM32CubeIDE_1.16.1/STM32CubeIDE/plugins/com.st.stm32cube.ide.mcu.externaltools.gnu-tools-for-stm32.12.3.rel1.win32_1.0.200.202406191623/tools/bin/../lib/gcc/arm-none-eabi/12.3.1/../../../../arm-none-eabi/lib/thumb/v7e-m+fp/hard\libc_nano.a(libc_a-reallocr.o)
                0x08011018                _realloc_r
 .text._strtol_l.constprop.0
                0x08011074       0xf4 C:/ST/STM32CubeIDE_1.16.1/STM32CubeIDE/plugins/com.st.stm32cube.ide.mcu.externaltools.gnu-tools-for-stm32.12.3.rel1.win32_1.0.200.202406191623/tools/bin/../lib/gcc/arm-none-eabi/12.3.1/../../../../arm-none-eabi/lib/thumb/v7e-m+fp/hard\libc_nano.a(libc_a-strtol.o)
 .text._strtol_r
                0x08011168        0x4 C:/ST/STM32CubeIDE_1.16.1/STM32CubeIDE/plugins/com.st.stm32cube.ide.mcu.externaltools.gnu-tools-for-stm32.12.3.rel1.win32_1.0.200.202406191623/tools/bin/../lib/gcc/arm-none-eabi/12.3.1/../../../../arm-none-eabi/lib/thumb/v7e-m+fp/hard\libc_nano.a(libc_a-strtol.o)
                0x08011168                _strtol_r
 .text._strtoul_l.constprop.0
                0x0801116c       0xdc C:/ST/STM32CubeIDE_1.16.1/STM32CubeIDE/plugins/com.st.stm32cube.ide.mcu.externaltools.gnu-tools-for-stm32.12.3.rel1.win32_1.0.200.202406191623/tools/bin/../lib/gcc/arm-none-eabi/12.3.1/../../../../arm-none-eabi/lib/thumb/v7e-m+fp/hard\libc_nano.a(libc_a-strtoul.o)
 .text._strtoul_r
                0x08011248        0x4 C:/ST/STM32CubeIDE_1.16.1/STM32CubeIDE/plugins/com.st.stm32cube.ide.mcu.externaltools.gnu-tools-for-stm32.12.3.rel1.win32_1.0.200.202406191623/tools/bin/../lib/gcc/arm-none-eabi/12.3.1/../../../../arm-none-eabi/lib/thumb/v7e-m+fp/hard\libc_nano.a(libc_a-strtoul.o)
                0x08011248                _strtoul_r
 .text._malloc_usable_size_r
                0x0801124c       0x10 C:/ST/STM32CubeIDE_1.16.1/STM32CubeIDE/plugins/com.st.stm32cube.ide.mcu.externaltools.gnu-tools-for-stm32.12.3.rel1.win32_1.0.200.202406191623/tools/bin/../lib/gcc/arm-none-eabi/12.3.1/../../../../arm-none-eabi/lib/thumb/v7e-m+fp/hard\libc_nano.a(libc_a-msizer.o)
                0x0801124c                _malloc_usable_size_r
 *(.glue_7)
 .glue_7        0x0801125c        0x0 linker stubs
 *(.glue_7t)
 .glue_7t       0x0801125c        0x0 linker stubs
 *(.eh_frame)
 .eh_frame      0x0801125c        0x0 C:/ST/STM32CubeIDE_1.16.1/STM32CubeIDE/plugins/com.st.stm32cube.ide.mcu.externaltools.gnu-tools-for-stm32.12.3.rel1.win32_1.0.200.202406191623/tools/bin/../lib/gcc/arm-none-eabi/12.3.1/thumb/v7e-m+fp/hard/crtbegin.o
 *(.init)
 .init          0x0801125c        0x4 C:/ST/STM32CubeIDE_1.16.1/STM32CubeIDE/plugins/com.st.stm32cube.ide.mcu.externaltools.gnu-tools-for-stm32.12.3.rel1.win32_1.0.200.202406191623/tools/bin/../lib/gcc/arm-none-eabi/12.3.1/thumb/v7e-m+fp/hard/crti.o
                0x0801125c                _init
 .init          0x08011260        0x8 C:/ST/STM32CubeIDE_1.16.1/STM32CubeIDE/plugins/com.st.stm32cube.ide.mcu.externaltools.gnu-tools-for-stm32.12.3.rel1.win32_1.0.200.202406191623/tools/bin/../lib/gcc/arm-none-eabi/12.3.1/thumb/v7e-m+fp/hard/crtn.o
 *(.fini)
 .fini          0x08011268        0x4 C:/ST/STM32CubeIDE_1.16.1/STM32CubeIDE/plugins/com.st.stm32cube.ide.mcu.externaltools.gnu-tools-for-stm32.12.3.rel1.win32_1.0.200.202406191623/tools/bin/../lib/gcc/arm-none-eabi/12.3.1/thumb/v7e-m+fp/hard/crti.o
                0x08011268                _fini
 .fini          0x0801126c        0x8 C:/ST/STM32CubeIDE_1.16.1/STM32CubeIDE/plugins/com.st.stm32cube.ide.mcu.externaltools.gnu-tools-for-stm32.12.3.rel1.win32_1.0.200.202406191623/tools/bin/../lib/gcc/arm-none-eabi/12.3.1/thumb/v7e-m+fp/hard/crtn.o
                0x08011274                        . = ALIGN (0x4)
                0x08011274                        _etext = .

.vfp11_veneer   0x08011274        0x0
 .vfp11_veneer  0x08011274        0x0 linker stubs

.v4_bx          0x08011274        0x0
 .v4_bx         0x08011274        0x0 linker stubs

.iplt           0x08011274        0x0
 .iplt          0x08011274        0x0 C:/ST/STM32CubeIDE_1.16.1/STM32CubeIDE/plugins/com.st.stm32cube.ide.mcu.externaltools.gnu-tools-for-stm32.12.3.rel1.win32_1.0.200.202406191623/tools/bin/../lib/gcc/arm-none-eabi/12.3.1/thumb/v7e-m+fp/hard/crtbegin.o

.rodata         0x08011274     0x1348
                0x08011274                        . = ALIGN (0x4)
 *(.rodata)
 .rodata        0x08011274       0xbf ./Core/ADBMS6830/lib/src/adBms6830GenericType.o
 *fill*         0x08011333        0x1 
 .rodata        0x08011334       0xf3 ./Core/ADBMS6830/lib/src/adBms6830ParseCreate.o
 *fill*         0x08011427        0x1 
 .rodata        0x08011428      0x159 ./Core/ADBMS6830/program/src/adBms_Application.o
 *fill*         0x08011581        0x3 
 .rodata        0x08011584      0xca7 ./Core/ADBMS6830/program/src/serialPrintResult.o
 *fill*         0x0801222b        0x1 
 .rodata        0x0801222c        0xc C:/ST/STM32CubeIDE_1.16.1/STM32CubeIDE/plugins/com.st.stm32cube.ide.mcu.externaltools.gnu-tools-for-stm32.12.3.rel1.win32_1.0.200.202406191623/tools/bin/../lib/gcc/arm-none-eabi/12.3.1/../../../../arm-none-eabi/lib/thumb/v7e-m+fp/hard\libc_nano.a(libc_a-nano-vfscanf_i.o)
 *(.rodata*)
 .rodata.Crc15Table
                0x08012238      0x200 ./Core/ADBMS6830/lib/src/adBms6830GenericType.o
                0x08012238                Crc15Table
 .rodata.AHBPrescTable
                0x08012438       0x10 ./Core/Src/system_stm32g4xx.o
                0x08012438                AHBPrescTable
 .rodata.APBPrescTable
                0x08012448        0x8 ./Core/Src/system_stm32g4xx.o
                0x08012448                APBPrescTable
 .rodata.BUTTON_EXTI_LINE.2
                0x08012450        0x4 ./Drivers/BSP/STM32G4xx_Nucleo/stm32g4xx_nucleo.o
 .rodata.UARTPrescTable
                0x08012454       0x18 ./Drivers/STM32G4xx_HAL_Driver/Src/stm32g4xx_hal_uart.o
                0x08012454                UARTPrescTable
 .rodata._vfprintf_r.str1.1
                0x0801246c       0x11 C:/ST/STM32CubeIDE_1.16.1/STM32CubeIDE/plugins/com.st.stm32cube.ide.mcu.externaltools.gnu-tools-for-stm32.12.3.rel1.win32_1.0.200.202406191623/tools/bin/../lib/gcc/arm-none-eabi/12.3.1/../../../../arm-none-eabi/lib/thumb/v7e-m+fp/hard\libc_nano.a(libc_a-nano-vfprintf.o)
 .rodata._printf_i.str1.1
                0x0801247d       0x22 C:/ST/STM32CubeIDE_1.16.1/STM32CubeIDE/plugins/com.st.stm32cube.ide.mcu.externaltools.gnu-tools-for-stm32.12.3.rel1.win32_1.0.200.202406191623/tools/bin/../lib/gcc/arm-none-eabi/12.3.1/../../../../arm-none-eabi/lib/thumb/v7e-m+fp/hard\libc_nano.a(libc_a-nano-vfprintf_i.o)
 .rodata.__svfscanf_r.str1.1
                0x0801249f        0x4 C:/ST/STM32CubeIDE_1.16.1/STM32CubeIDE/plugins/com.st.stm32cube.ide.mcu.externaltools.gnu-tools-for-stm32.12.3.rel1.win32_1.0.200.202406191623/tools/bin/../lib/gcc/arm-none-eabi/12.3.1/../../../../arm-none-eabi/lib/thumb/v7e-m+fp/hard\libc_nano.a(libc_a-nano-vfscanf.o)
 .rodata._scanf_i.str1.1
                0x0801249f       0x12 C:/ST/STM32CubeIDE_1.16.1/STM32CubeIDE/plugins/com.st.stm32cube.ide.mcu.externaltools.gnu-tools-for-stm32.12.3.rel1.win32_1.0.200.202406191623/tools/bin/../lib/gcc/arm-none-eabi/12.3.1/../../../../arm-none-eabi/lib/thumb/v7e-m+fp/hard\libc_nano.a(libc_a-nano-vfscanf_i.o)
 .rodata.str1.1
                0x080124b1        0x9 C:/ST/STM32CubeIDE_1.16.1/STM32CubeIDE/plugins/com.st.stm32cube.ide.mcu.externaltools.gnu-tools-for-stm32.12.3.rel1.win32_1.0.200.202406191623/tools/bin/../lib/gcc/arm-none-eabi/12.3.1/../../../../arm-none-eabi/lib/thumb/v7e-m+fp/hard\libc_nano.a(libc_a-nano-vfscanf_i.o)
 .rodata._ctype_
                0x080124ba      0x101 C:/ST/STM32CubeIDE_1.16.1/STM32CubeIDE/plugins/com.st.stm32cube.ide.mcu.externaltools.gnu-tools-for-stm32.12.3.rel1.win32_1.0.200.202406191623/tools/bin/../lib/gcc/arm-none-eabi/12.3.1/../../../../arm-none-eabi/lib/thumb/v7e-m+fp/hard\libc_nano.a(libc_a-ctype_.o)
                0x080124ba                _ctype_
                0x080125bc                        . = ALIGN (0x4)
 *fill*         0x080125bb        0x1 

.ARM.extab      0x080125bc        0x0
                0x080125bc                        . = ALIGN (0x4)
 *(.ARM.extab* .gnu.linkonce.armextab.*)
                0x080125bc                        . = ALIGN (0x4)

.ARM            0x080125bc        0x8
                0x080125bc                        . = ALIGN (0x4)
                0x080125bc                        __exidx_start = .
 *(.ARM.exidx*)
 .ARM.exidx     0x080125bc        0x8 C:/ST/STM32CubeIDE_1.16.1/STM32CubeIDE/plugins/com.st.stm32cube.ide.mcu.externaltools.gnu-tools-for-stm32.12.3.rel1.win32_1.0.200.202406191623/tools/bin/../lib/gcc/arm-none-eabi/12.3.1/../../../../arm-none-eabi/lib/thumb/v7e-m+fp/hard\libc_nano.a(libc_a-memchr.o)
 .ARM.exidx     0x080125c4        0x0 C:/ST/STM32CubeIDE_1.16.1/STM32CubeIDE/plugins/com.st.stm32cube.ide.mcu.externaltools.gnu-tools-for-stm32.12.3.rel1.win32_1.0.200.202406191623/tools/bin/../lib/gcc/arm-none-eabi/12.3.1/thumb/v7e-m+fp/hard\libgcc.a(_udivmoddi4.o)
                                  0x8 (size before relaxing)
                0x080125c4                        __exidx_end = .
                0x080125c4                        . = ALIGN (0x4)

.preinit_array  0x080125c4        0x0
                0x080125c4                        . = ALIGN (0x4)
                0x080125c4                        PROVIDE (__preinit_array_start = .)
 *(.preinit_array*)
                0x080125c4                        PROVIDE (__preinit_array_end = .)
                0x080125c4                        . = ALIGN (0x4)

.init_array     0x080125c4        0x4
                0x080125c4                        . = ALIGN (0x4)
                0x080125c4                        PROVIDE (__init_array_start = .)
 *(SORT_BY_NAME(.init_array.*))
 *(.init_array*)
 .init_array    0x080125c4        0x4 C:/ST/STM32CubeIDE_1.16.1/STM32CubeIDE/plugins/com.st.stm32cube.ide.mcu.externaltools.gnu-tools-for-stm32.12.3.rel1.win32_1.0.200.202406191623/tools/bin/../lib/gcc/arm-none-eabi/12.3.1/thumb/v7e-m+fp/hard/crtbegin.o
                0x080125c8                        PROVIDE (__init_array_end = .)
                0x080125c8                        . = ALIGN (0x4)

.fini_array     0x080125c8        0x4
                0x080125c8                        . = ALIGN (0x4)
                [!provide]                        PROVIDE (__fini_array_start = .)
 *(SORT_BY_NAME(.fini_array.*))
 *(.fini_array*)
 .fini_array    0x080125c8        0x4 C:/ST/STM32CubeIDE_1.16.1/STM32CubeIDE/plugins/com.st.stm32cube.ide.mcu.externaltools.gnu-tools-for-stm32.12.3.rel1.win32_1.0.200.202406191623/tools/bin/../lib/gcc/arm-none-eabi/12.3.1/thumb/v7e-m+fp/hard/crtbegin.o
                [!provide]                        PROVIDE (__fini_array_end = .)
                0x080125cc                        . = ALIGN (0x4)
                0x080125cc                        _sidata = LOADADDR (.data)

.rel.dyn        0x080125cc        0x0
 .rel.iplt      0x080125cc        0x0 C:/ST/STM32CubeIDE_1.16.1/STM32CubeIDE/plugins/com.st.stm32cube.ide.mcu.externaltools.gnu-tools-for-stm32.12.3.rel1.win32_1.0.200.202406191623/tools/bin/../lib/gcc/arm-none-eabi/12.3.1/thumb/v7e-m+fp/hard/crtbegin.o

.data           0x20000000      0x148 load address 0x080125cc
                0x20000000                        . = ALIGN (0x4)
                0x20000000                        _sdata = .
 *(.data)
 *(.data*)
 .data.WRCFGA   0x20000000        0x2 ./Core/ADBMS6830/program/src/adBms_Application.o
                0x20000000                WRCFGA
 *fill*         0x20000002        0x2 
 .data.WRCFGB   0x20000004        0x2 ./Core/ADBMS6830/program/src/adBms_Application.o
                0x20000004                WRCFGB
 *fill*         0x20000006        0x2 
 .data.RDCFGA   0x20000008        0x2 ./Core/ADBMS6830/program/src/adBms_Application.o
                0x20000008                RDCFGA
 *fill*         0x2000000a        0x2 
 .data.RDCFGB   0x2000000c        0x2 ./Core/ADBMS6830/program/src/adBms_Application.o
                0x2000000c                RDCFGB
 *fill*         0x2000000e        0x2 
 .data.RDCVA    0x20000010        0x2 ./Core/ADBMS6830/program/src/adBms_Application.o
                0x20000010                RDCVA
 *fill*         0x20000012        0x2 
 .data.RDCVB    0x20000014        0x2 ./Core/ADBMS6830/program/src/adBms_Application.o
                0x20000014                RDCVB
 *fill*         0x20000016        0x2 
 .data.RDCVC    0x20000018        0x2 ./Core/ADBMS6830/program/src/adBms_Application.o
                0x20000018                RDCVC
 *fill*         0x2000001a        0x2 
 .data.RDCVD    0x2000001c        0x2 ./Core/ADBMS6830/program/src/adBms_Application.o
                0x2000001c                RDCVD
 *fill*         0x2000001e        0x2 
 .data.RDCVE    0x20000020        0x2 ./Core/ADBMS6830/program/src/adBms_Application.o
                0x20000020                RDCVE
 *fill*         0x20000022        0x2 
 .data.RDCVF    0x20000024        0x2 ./Core/ADBMS6830/program/src/adBms_Application.o
                0x20000024                RDCVF
 *fill*         0x20000026        0x2 
 .data.RDACA    0x20000028        0x2 ./Core/ADBMS6830/program/src/adBms_Application.o
                0x20000028                RDACA
 *fill*         0x2000002a        0x2 
 .data.RDACB    0x2000002c        0x2 ./Core/ADBMS6830/program/src/adBms_Application.o
                0x2000002c                RDACB
 *fill*         0x2000002e        0x2 
 .data.RDACC    0x20000030        0x2 ./Core/ADBMS6830/program/src/adBms_Application.o
                0x20000030                RDACC
 *fill*         0x20000032        0x2 
 .data.RDACD    0x20000034        0x2 ./Core/ADBMS6830/program/src/adBms_Application.o
                0x20000034                RDACD
 *fill*         0x20000036        0x2 
 .data.RDACE    0x20000038        0x2 ./Core/ADBMS6830/program/src/adBms_Application.o
                0x20000038                RDACE
 *fill*         0x2000003a        0x2 
 .data.RDACF    0x2000003c        0x2 ./Core/ADBMS6830/program/src/adBms_Application.o
                0x2000003c                RDACF
 *fill*         0x2000003e        0x2 
 .data.RDSVA    0x20000040        0x2 ./Core/ADBMS6830/program/src/adBms_Application.o
                0x20000040                RDSVA
 *fill*         0x20000042        0x2 
 .data.RDSVB    0x20000044        0x2 ./Core/ADBMS6830/program/src/adBms_Application.o
                0x20000044                RDSVB
 *fill*         0x20000046        0x2 
 .data.RDSVC    0x20000048        0x2 ./Core/ADBMS6830/program/src/adBms_Application.o
                0x20000048                RDSVC
 *fill*         0x2000004a        0x2 
 .data.RDSVD    0x2000004c        0x2 ./Core/ADBMS6830/program/src/adBms_Application.o
                0x2000004c                RDSVD
 *fill*         0x2000004e        0x2 
 .data.RDSVE    0x20000050        0x2 ./Core/ADBMS6830/program/src/adBms_Application.o
                0x20000050                RDSVE
 *fill*         0x20000052        0x2 
 .data.RDSVF    0x20000054        0x2 ./Core/ADBMS6830/program/src/adBms_Application.o
                0x20000054                RDSVF
 *fill*         0x20000056        0x2 
 .data.RDFCA    0x20000058        0x2 ./Core/ADBMS6830/program/src/adBms_Application.o
                0x20000058                RDFCA
 *fill*         0x2000005a        0x2 
 .data.RDFCB    0x2000005c        0x2 ./Core/ADBMS6830/program/src/adBms_Application.o
                0x2000005c                RDFCB
 *fill*         0x2000005e        0x2 
 .data.RDFCC    0x20000060        0x2 ./Core/ADBMS6830/program/src/adBms_Application.o
                0x20000060                RDFCC
 *fill*         0x20000062        0x2 
 .data.RDFCD    0x20000064        0x2 ./Core/ADBMS6830/program/src/adBms_Application.o
                0x20000064                RDFCD
 *fill*         0x20000066        0x2 
 .data.RDFCE    0x20000068        0x2 ./Core/ADBMS6830/program/src/adBms_Application.o
                0x20000068                RDFCE
 *fill*         0x2000006a        0x2 
 .data.RDFCF    0x2000006c        0x2 ./Core/ADBMS6830/program/src/adBms_Application.o
                0x2000006c                RDFCF
 *fill*         0x2000006e        0x2 
 .data.RDAUXA   0x20000070        0x2 ./Core/ADBMS6830/program/src/adBms_Application.o
                0x20000070                RDAUXA
 *fill*         0x20000072        0x2 
 .data.RDAUXB   0x20000074        0x2 ./Core/ADBMS6830/program/src/adBms_Application.o
                0x20000074                RDAUXB
 *fill*         0x20000076        0x2 
 .data.RDAUXC   0x20000078        0x2 ./Core/ADBMS6830/program/src/adBms_Application.o
                0x20000078                RDAUXC
 *fill*         0x2000007a        0x2 
 .data.RDAUXD   0x2000007c        0x2 ./Core/ADBMS6830/program/src/adBms_Application.o
                0x2000007c                RDAUXD
 *fill*         0x2000007e        0x2 
 .data.RDRAXA   0x20000080        0x2 ./Core/ADBMS6830/program/src/adBms_Application.o
                0x20000080                RDRAXA
 *fill*         0x20000082        0x2 
 .data.RDRAXB   0x20000084        0x2 ./Core/ADBMS6830/program/src/adBms_Application.o
                0x20000084                RDRAXB
 *fill*         0x20000086        0x2 
 .data.RDRAXC   0x20000088        0x2 ./Core/ADBMS6830/program/src/adBms_Application.o
                0x20000088                RDRAXC
 *fill*         0x2000008a        0x2 
 .data.RDRAXD   0x2000008c        0x2 ./Core/ADBMS6830/program/src/adBms_Application.o
                0x2000008c                RDRAXD
 *fill*         0x2000008e        0x2 
 .data.RDSTATA  0x20000090        0x2 ./Core/ADBMS6830/program/src/adBms_Application.o
                0x20000090                RDSTATA
 *fill*         0x20000092        0x2 
 .data.RDSTATB  0x20000094        0x2 ./Core/ADBMS6830/program/src/adBms_Application.o
                0x20000094                RDSTATB
 *fill*         0x20000096        0x2 
 .data.RDSTATC  0x20000098        0x2 ./Core/ADBMS6830/program/src/adBms_Application.o
                0x20000098                RDSTATC
 *fill*         0x2000009a        0x2 
 .data.RDSTATD  0x2000009c        0x2 ./Core/ADBMS6830/program/src/adBms_Application.o
                0x2000009c                RDSTATD
 *fill*         0x2000009e        0x2 
 .data.RDSTATE  0x200000a0        0x2 ./Core/ADBMS6830/program/src/adBms_Application.o
                0x200000a0                RDSTATE
 *fill*         0x200000a2        0x2 
 .data.CLRCELL  0x200000a4        0x2 ./Core/ADBMS6830/program/src/adBms_Application.o
                0x200000a4                CLRCELL
 *fill*         0x200000a6        0x2 
 .data.CLRAUX   0x200000a8        0x2 ./Core/ADBMS6830/program/src/adBms_Application.o
                0x200000a8                CLRAUX
 *fill*         0x200000aa        0x2 
 .data.CLRSPIN  0x200000ac        0x2 ./Core/ADBMS6830/program/src/adBms_Application.o
                0x200000ac                CLRSPIN
 *fill*         0x200000ae        0x2 
 .data.CLRFC    0x200000b0        0x2 ./Core/ADBMS6830/program/src/adBms_Application.o
                0x200000b0                CLRFC
 *fill*         0x200000b2        0x2 
 .data.PLADC    0x200000b4        0x2 ./Core/ADBMS6830/program/src/adBms_Application.o
                0x200000b4                PLADC
 *fill*         0x200000b6        0x2 
 .data.PLAUX1   0x200000b8        0x2 ./Core/ADBMS6830/program/src/adBms_Application.o
                0x200000b8                PLAUX1
 *fill*         0x200000ba        0x2 
 .data.PLAUX2   0x200000bc        0x2 ./Core/ADBMS6830/program/src/adBms_Application.o
                0x200000bc                PLAUX2
 .data.MEASURE_CELL
                0x200000be        0x1 ./Core/ADBMS6830/program/src/adBms_Application.o
                0x200000be                MEASURE_CELL
 .data.MEASURE_AVG_CELL
                0x200000bf        0x1 ./Core/ADBMS6830/program/src/adBms_Application.o
                0x200000bf                MEASURE_AVG_CELL
 .data.MEASURE_F_CELL
                0x200000c0        0x1 ./Core/ADBMS6830/program/src/adBms_Application.o
                0x200000c0                MEASURE_F_CELL
 .data.MEASURE_S_VOLTAGE
                0x200000c1        0x1 ./Core/ADBMS6830/program/src/adBms_Application.o
                0x200000c1                MEASURE_S_VOLTAGE
 *fill*         0x200000c2        0x2 
 .data.hspi     0x200000c4        0x4 ./Core/ADBMS6830/program/src/mcuWrapper.o
                0x200000c4                hspi
 .data.htim     0x200000c8        0x4 ./Core/ADBMS6830/program/src/mcuWrapper.o
                0x200000c8                htim
 .data.SystemCoreClock
                0x200000cc        0x4 ./Core/Src/system_stm32g4xx.o
                0x200000cc                SystemCoreClock
 .data.LED_PORT
                0x200000d0        0x4 ./Drivers/BSP/STM32G4xx_Nucleo/stm32g4xx_nucleo.o
 .data.BUTTON_PORT
                0x200000d4        0x4 ./Drivers/BSP/STM32G4xx_Nucleo/stm32g4xx_nucleo.o
 .data.COM_USART
                0x200000d8        0x4 ./Drivers/BSP/STM32G4xx_Nucleo/stm32g4xx_nucleo.o
 .data.ButtonCallback.1
                0x200000dc        0x4 ./Drivers/BSP/STM32G4xx_Nucleo/stm32g4xx_nucleo.o
 .data.BSP_BUTTON_PRIO.0
                0x200000e0        0x4 ./Drivers/BSP/STM32G4xx_Nucleo/stm32g4xx_nucleo.o
 .data.uwTickPrio
                0x200000e4        0x4 ./Drivers/STM32G4xx_HAL_Driver/Src/stm32g4xx_hal.o
                0x200000e4                uwTickPrio
 .data.uwTickFreq
                0x200000e8        0x4 ./Drivers/STM32G4xx_HAL_Driver/Src/stm32g4xx_hal.o