../Core/ADBMS6830/program/src/mcuWrapper.c:239:6:Delay_ms	16	static
../Core/ADBMS6830/program/src/mcuWrapper.c:255:6:adBmsCsLow	8	static
../Core/ADBMS6830/program/src/mcuWrapper.c:271:6:adBmsCsHigh	8	static
../Core/ADBMS6830/program/src/mcuWrapper.c:291:6:spiWriteBytes	16	static
../Core/ADBMS6830/program/src/mcuWrapper.c:317:6:spiWriteReadBytes	24	static
../Core/ADBMS6830/program/src/mcuWrapper.c:343:6:spiReadBytes	16	static
../Core/ADBMS6830/program/src/mcuWrapper.c:359:6:startTimer	8	static
../Core/ADBMS6830/program/src/mcuWrapper.c:375:6:stopTimer	8	static
../Core/ADBMS6830/program/src/mcuWrapper.c:391:10:getTimCount	16	static
../Core/ADBMS6830/program/src/mcuWrapper.c:414:6:adBmsWakeupIc	24	static
