../Core/ADBMS6830/program/src/serialPrintResult.c:1066:6:printWriteConfig	24	static
../Core/ADBMS6830/program/src/serialPrintResult.c:1136:6:printReadConfig	24	static
../Core/ADBMS6830/program/src/serialPrintResult.c:1234:6:printVoltages	40	static
../Core/ADBMS6830/program/src/serialPrintResult.c:1345:6:printStatus	24	static
../Core/ADBMS6830/program/src/serialPrintResult.c:1565:6:printDeviceSID	24	static
../Core/ADBMS6830/program/src/serialPrintResult.c:1606:6:printWritePwmDutyCycle	24	static
../Core/ADBMS6830/program/src/serialPrintResult.c:1665:6:printReadPwmDutyCycle	24	static
../Core/ADBMS6830/program/src/serialPrintResult.c:1744:6:printWriteCommData	24	static
../Core/ADBMS6830/program/src/serialPrintResult.c:1781:6:printReadCommData	24	static
../Core/ADBMS6830/program/src/serialPrintResult.c:1823:6:printDiagnosticTestResult	24	static
../Core/ADBMS6830/program/src/serialPrintResult.c:1907:6:diagnosticTestResultPrint	16	static
../Core/ADBMS6830/program/src/serialPrintResult.c:1937:6:printOpenWireTestResult	24	static
../Core/ADBMS6830/program/src/serialPrintResult.c:1998:6:openWireResultPrint	16	static
../Core/ADBMS6830/program/src/serialPrintResult.c:2021:6:printPollAdcConvTime	16	static
../Core/ADBMS6830/program/src/serialPrintResult.c:2037:6:printMenu	8	static
../Core/ADBMS6830/program/src/serialPrintResult.c:2083:7:getVoltage	24	static
