../Core/ADBMS6830/lib/src/adBms6830GenericType.c:97:10:Pec15_Calc	24	static
../Core/ADBMS6830/lib/src/adBms6830GenericType.c:113:10:pec10_calc	32	static
../Core/ADBMS6830/lib/src/adBms6830GenericType.c:163:10:adi_pec10_calc_table	24	static
../Core/ADBMS6830/lib/src/adBms6830GenericType.c:203:10:CalcPEC10	48	static
../Core/ADBMS6830/lib/src/adBms6830GenericType.c:241:6:spiSendCmd	24	static
../Core/ADBMS6830/lib/src/adBms6830GenericType.c:276:6:spiReadData	56	static
../Core/ADBMS6830/lib/src/adBms6830GenericType.c:360:6:adBmsReadData	72	static
../Core/ADBMS6830/lib/src/adBms6830GenericType.c:616:6:spiWriteData	48	static
../Core/ADBMS6830/lib/src/adBms6830GenericType.c:694:6:adBmsWriteData	48	static
../Core/ADBMS6830/lib/src/adBms6830GenericType.c:811:10:adBmsPollAdc	32	static
../Core/ADBMS6830/lib/src/adBms6830GenericType.c:858:6:adBms6830_Adcv	32	static
../Core/ADBMS6830/lib/src/adBms6830GenericType.c:892:6:adBms6830_Adsv	24	static
../Core/ADBMS6830/lib/src/adBms6830GenericType.c:924:6:adBms6830_Adax	24	static
../Core/ADBMS6830/lib/src/adBms6830GenericType.c:951:6:adBms6830_Adax2	24	static
